Component: Arm Compiler for Embedded 6.22 Tool: armlink [5ee90200]

==============================================================================

Section Cross References

    startup_stm32f072xb.o(STACK) refers (Special) to heapauxi.o(.text) for __use_two_region_memory
    startup_stm32f072xb.o(HEAP) refers (Special) to heapauxi.o(.text) for __use_two_region_memory
    startup_stm32f072xb.o(RESET) refers (Special) to heapauxi.o(.text) for __use_two_region_memory
    startup_stm32f072xb.o(RESET) refers to startup_stm32f072xb.o(STACK) for __initial_sp
    startup_stm32f072xb.o(RESET) refers to startup_stm32f072xb.o(.text) for Reset_Handler
    startup_stm32f072xb.o(RESET) refers to stm32f0xx_it.o(.text.NMI_Handler) for NMI_Handler
    startup_stm32f072xb.o(RESET) refers to stm32f0xx_it.o(.text.HardFault_Handler) for HardFault_Handler
    startup_stm32f072xb.o(RESET) refers to stm32f0xx_it.o(.text.SVC_Handler) for SVC_Handler
    startup_stm32f072xb.o(RESET) refers to stm32f0xx_it.o(.text.PendSV_Handler) for PendSV_Handler
    startup_stm32f072xb.o(RESET) refers to stm32f0xx_it.o(.text.SysTick_Handler) for SysTick_Handler
    startup_stm32f072xb.o(RESET) refers to stm32f0xx_it.o(.text.DMA1_Channel2_3_IRQHandler) for DMA1_Channel2_3_IRQHandler
    startup_stm32f072xb.o(RESET) refers to stm32f0xx_it.o(.text.DMA1_Channel4_5_6_7_IRQHandler) for DMA1_Channel4_5_6_7_IRQHandler
    startup_stm32f072xb.o(.text) refers (Special) to heapauxi.o(.text) for __use_two_region_memory
    startup_stm32f072xb.o(.text) refers to system_stm32f0xx.o(.text.SystemInit) for SystemInit
    startup_stm32f072xb.o(.text) refers to __main.o(!!!main) for __main
    startup_stm32f072xb.o(.text) refers to startup_stm32f072xb.o(HEAP) for Heap_Mem
    startup_stm32f072xb.o(.text) refers to startup_stm32f072xb.o(STACK) for Stack_Mem
    main.o(.text.main) refers to stm32f0xx_hal.o(.text.HAL_Init) for HAL_Init
    main.o(.text.main) refers to rt_memclr.o(.text) for __aeabi_memclr4
    main.o(.text.main) refers to stm32f0xx_hal_rcc.o(.text.HAL_RCC_OscConfig) for HAL_RCC_OscConfig
    main.o(.text.main) refers to stm32f0xx_hal_rcc.o(.text.HAL_RCC_ClockConfig) for HAL_RCC_ClockConfig
    main.o(.text.main) refers to stm32f0xx_hal_rcc_ex.o(.text.HAL_RCCEx_PeriphCLKConfig) for HAL_RCCEx_PeriphCLKConfig
    main.o(.text.main) refers to stm32f0xx_hal_gpio.o(.text.HAL_GPIO_WritePin) for HAL_GPIO_WritePin
    main.o(.text.main) refers to stm32f0xx_hal_gpio.o(.text.HAL_GPIO_Init) for HAL_GPIO_Init
    main.o(.text.main) refers to stm32f0xx_hal_cortex.o(.text.HAL_NVIC_SetPriority) for HAL_NVIC_SetPriority
    main.o(.text.main) refers to stm32f0xx_hal_cortex.o(.text.HAL_NVIC_EnableIRQ) for HAL_NVIC_EnableIRQ
    main.o(.text.main) refers to stm32f0xx_hal_can.o(.text.HAL_CAN_Init) for HAL_CAN_Init
    main.o(.text.main) refers to stm32f0xx_hal_uart.o(.text.HAL_UART_Init) for HAL_UART_Init
    main.o(.text.main) refers to stm32f0xx_hal_tim.o(.text.HAL_TIM_Base_Init) for HAL_TIM_Base_Init
    main.o(.text.main) refers to stm32f0xx_hal_tim.o(.text.HAL_TIM_ConfigClockSource) for HAL_TIM_ConfigClockSource
    main.o(.text.main) refers to stm32f0xx_hal_tim.o(.text.HAL_TIM_PWM_Init) for HAL_TIM_PWM_Init
    main.o(.text.main) refers to stm32f0xx_hal_tim_ex.o(.text.HAL_TIMEx_MasterConfigSynchronization) for HAL_TIMEx_MasterConfigSynchronization
    main.o(.text.main) refers to stm32f0xx_hal_tim.o(.text.HAL_TIM_PWM_ConfigChannel) for HAL_TIM_PWM_ConfigChannel
    main.o(.text.main) refers to stm32f0xx_hal_tim_ex.o(.text.HAL_TIMEx_ConfigBreakDeadTime) for HAL_TIMEx_ConfigBreakDeadTime
    main.o(.text.main) refers to stm32f0xx_hal_msp.o(.text.HAL_TIM_MspPostInit) for HAL_TIM_MspPostInit
    main.o(.text.main) refers to main.o(.bss..L_MergedGlobals) for [Anonymous Symbol]
    main.o(.text.main) refers to main.o(.bss.huart1) for huart1
    main.o(.text.main) refers to main.o(.bss.huart2) for huart2
    main.o(.text.main) refers to main.o(.bss.htim1) for htim1
    main.o(.text.main) refers to stm32f0xx_hal_pcd.o(.text.HAL_PCD_Init) for HAL_PCD_Init
    main.o(.text.main) refers to stm32f0xx_hal_can.o(.text.HAL_CAN_ConfigFilter) for HAL_CAN_ConfigFilter
    main.o(.text.main) refers to stm32f0xx_hal_can.o(.text.HAL_CAN_Start) for HAL_CAN_Start
    main.o(.text.main) refers to stm32f0xx_hal_uart.o(.text.HAL_UART_Receive_DMA) for HAL_UART_Receive_DMA
    main.o(.text.main) refers to stm32f0xx_hal_tim.o(.text.HAL_TIM_PWM_Start) for HAL_TIM_PWM_Start
    main.o(.text.main) refers to stm32f0xx_hal_can.o(.text.HAL_CAN_AddTxMessage) for HAL_CAN_AddTxMessage
    main.o(.text.main) refers to stm32f0xx_hal.o(.text.HAL_Delay) for HAL_Delay
    main.o(.text.main) refers to stm32f0xx_hal_can.o(.text.HAL_CAN_GetRxFifoFillLevel) for HAL_CAN_GetRxFifoFillLevel
    main.o(.text.main) refers to stm32f0xx_hal_can.o(.text.HAL_CAN_GetRxMessage) for HAL_CAN_GetRxMessage
    main.o(.text.main) refers to main.o(.bss.htim2) for htim2
[...]
    ../clib/angel/boardlib.s                 0x00000000   Number         0  boardshut.o ABSOLUTE
    ../clib/angel/handlers.s                 0x00000000   Number         0  __scatter_copy.o ABSOLUTE
    ../clib/angel/handlers.s                 0x00000000   Number         0  __scatter_zi.o ABSOLUTE
    ../clib/angel/kernel.s                   0x00000000   Number         0  __rtentry.o ABSOLUTE
    ../clib/angel/kernel.s                   0x00000000   Number         0  __rtentry2.o ABSOLUTE
    ../clib/angel/kernel.s                   0x00000000   Number         0  __rtentry4.o ABSOLUTE
    ../clib/angel/kernel.s                   0x00000000   Number         0  rtexit.o ABSOLUTE
    ../clib/angel/kernel.s                   0x00000000   Number         0  rtexit2.o ABSOLUTE
    ../clib/angel/rt.s                       0x00000000   Number         0  aeabi_idiv0.o ABSOLUTE
    ../clib/angel/rt.s                       0x00000000   Number         0  aeabi_idiv0_sigfpe.o ABSOLUTE
    ../clib/angel/rt.s                       0x00000000   Number         0  rt_div0.o ABSOLUTE
    ../clib/angel/rt.s                       0x00000000   Number         0  rt_raise.o ABSOLUTE
    ../clib/angel/scatterp.s                 0x00000000   Number         0  __scatter.o ABSOLUTE
    ../clib/angel/startup.s                  0x00000000   Number         0  __main.o ABSOLUTE
    ../clib/angel/sys.s                      0x00000000   Number         0  sys_stackheap_outer.o ABSOLUTE
    ../clib/angel/sys.s                      0x00000000   Number         0  libspace.o ABSOLUTE
    ../clib/angel/sys.s                      0x00000000   Number         0  tempstk.o ABSOLUTE
    ../clib/angel/sys.s                      0x00000000   Number         0  use_no_semi.o ABSOLUTE
    ../clib/angel/sys.s                      0x00000000   Number         0  indicate_semi.o ABSOLUTE
    ../clib/angel/sysapp.c                   0x00000000   Number         0  sys_exit.o ABSOLUTE
    ../clib/angel/sysapp.c                   0x00000000   Number         0  sys_exit_hlt.o ABSOLUTE
    ../clib/angel/sysapp.c                   0x00000000   Number         0  sys_wrch.o ABSOLUTE
    ../clib/angel/sysapp.c                   0x00000000   Number         0  sys_wrch_hlt.o ABSOLUTE
    ../clib/angel/sysapp.c                   0x00000000   Number         0  sys_command.o ABSOLUTE
    ../clib/angel/sysapp.c                   0x00000000   Number         0  sys_command_hlt.o ABSOLUTE
    ../clib/armsys.c                         0x00000000   Number         0  argv_veneer.o ABSOLUTE
    ../clib/armsys.c                         0x00000000   Number         0  _get_argv_nomalloc.o ABSOLUTE
    ../clib/armsys.c                         0x00000000   Number         0  no_argv.o ABSOLUTE
    ../clib/division.s                       0x00000000   Number         0  aeabi_sdivfast.o ABSOLUTE
    ../clib/division.s                       0x00000000   Number         0  aeabi_sdivfast_div0.o ABSOLUTE
    ../clib/heapalloc.c                      0x00000000   Number         0  hrguard.o ABSOLUTE
    ../clib/heapaux.c                        0x00000000   Number         0  heapauxi.o ABSOLUTE
    ../clib/libinit.s                        0x00000000   Number         0  libinit.o ABSOLUTE
    ../clib/libinit.s                        0x00000000   Number         0  libinit2.o ABSOLUTE
    ../clib/libinit.s                        0x00000000   Number         0  libshutdown.o ABSOLUTE
    ../clib/libinit.s                        0x00000000   Number         0  libshutdown2.o ABSOLUTE
    ../clib/memcpset.c                       0x00000000   Number         0  rt_memcpy.o ABSOLUTE
    ../clib/memcpset.c                       0x00000000   Number         0  rt_memcpy.o ABSOLUTE
    ../clib/memcpset.c                       0x00000000   Number         0  rt_memclr.o ABSOLUTE
    ../clib/signal.c                         0x00000000   Number         0  defsig_fpe_outer.o ABSOLUTE
    ../clib/signal.c                         0x00000000   Number         0  defsig_fpe_formal.o ABSOLUTE
    ../clib/signal.c                         0x00000000   Number         0  defsig_exit.o ABSOLUTE
    ../clib/signal.c                         0x00000000   Number         0  defsig_fpe_inner.o ABSOLUTE
    ../clib/signal.c                         0x00000000   Number         0  __raise.o ABSOLUTE
    ../clib/signal.c                         0x00000000   Number         0  defsig_general.o ABSOLUTE
    ../clib/signal.c                         0x00000000   Number         0  defsig_abrt_inner.o ABSOLUTE
    ../clib/signal.c                         0x00000000   Number         0  defsig_rtred_inner.o ABSOLUTE
    ../clib/signal.c                         0x00000000   Number         0  defsig_rtmem_inner.o ABSOLUTE
    ../clib/signal.c                         0x00000000   Number         0  defsig_rtmem_outer.o ABSOLUTE
    ../clib/signal.c                         0x00000000   Number         0  defsig_rtmem_formal.o ABSOLUTE
    ../clib/signal.c                         0x00000000   Number         0  defsig_stak_inner.o ABSOLUTE
    ../clib/signal.c                         0x00000000   Number         0  defsig_pvfn_inner.o ABSOLUTE
    ../clib/signal.c                         0x00000000   Number         0  defsig_cppl_inner.o ABSOLUTE
    ../clib/signal.c                         0x00000000   Number         0  defsig_segv_inner.o ABSOLUTE
    ../clib/signal.c                         0x00000000   Number         0  defsig_other.o ABSOLUTE
    ../clib/signal.s                         0x00000000   Number         0  defsig.o ABSOLUTE
    ../clib/stdlib.c                         0x00000000   Number         0  exit.o ABSOLUTE
    ../clib/string.c                         0x00000000   Number         0  strlen.o ABSOLUTE
    ../fplib/cfplib/d2f.c                    0x00000000   Number         0  d2f.o ABSOLUTE
    ../fplib/cfplib/daddsub.c                0x00000000   Number         0  daddsub.o ABSOLUTE
    ../fplib/cfplib/ddiv.c                   0x00000000   Number         0  ddiv.o ABSOLUTE
    ../fplib/cfplib/ffix.c                   0x00000000   Number         0  ffixi.o ABSOLUTE
    ../fplib/cfplib/fflt.c                   0x00000000   Number         0  dflti.o ABSOLUTE
    ../fplib/cfplib/fpinit.c                 0x00000000   Number         0  fpinit.o ABSOLUTE
    ../fplib/usenofp.s                       0x00000000   Number         0  usenofp.o ABSOLUTE
    dc.s                                     0x00000000   Number         0  dc.o ABSOLUTE
    main.c                                   0x00000000   Number         0  main.o ABSOLUTE
    startup_stm32f072xb.s                    0x00000000   Number         0  startup_stm32f072xb.o ABSOLUTE
    stm32f0xx_hal.c                          0x00000000   Number         0  stm32f0xx_hal.o ABSOLUTE
    stm32f0xx_hal_can.c                      0x00000000   Number         0  stm32f0xx_hal_can.o ABSOLUTE
    stm32f0xx_hal_cortex.c                   0x00000000   Number         0  stm32f0xx_hal_cortex.o ABSOLUTE
    stm32f0xx_hal_dma.c                      0x00000000   Number         0  stm32f0xx_hal_dma.o ABSOLUTE
    stm32f0xx_hal_exti.c                     0x00000000   Number         0  stm32f0xx_hal_exti.o ABSOLUTE
    stm32f0xx_hal_flash.c                    0x00000000   Number         0  stm32f0xx_hal_flash.o ABSOLUTE
    stm32f0xx_hal_flash_ex.c                 0x00000000   Number         0  stm32f0xx_hal_flash_ex.o ABSOLUTE
    stm32f0xx_hal_gpio.c                     0x00000000   Number         0  stm32f0xx_hal_gpio.o ABSOLUTE
    stm32f0xx_hal_i2c.c                      0x00000000   Number         0  stm32f0xx_hal_i2c.o ABSOLUTE
    stm32f0xx_hal_i2c_ex.c                   0x00000000   Number         0  stm32f0xx_hal_i2c_ex.o ABSOLUTE
    stm32f0xx_hal_msp.c                      0x00000000   Number         0  stm32f0xx_hal_msp.o ABSOLUTE
    stm32f0xx_hal_pcd.c                      0x00000000   Number         0  stm32f0xx_hal_pcd.o ABSOLUTE
    stm32f0xx_hal_pcd_ex.c                   0x00000000   Number         0  stm32f0xx_hal_pcd_ex.o ABSOLUTE
    stm32f0xx_hal_pwr.c                      0x00000000   Number         0  stm32f0xx_hal_pwr.o ABSOLUTE
    stm32f0xx_hal_pwr_ex.c                   0x00000000   Number         0  stm32f0xx_hal_pwr_ex.o ABSOLUTE
    stm32f0xx_hal_rcc.c                      0x00000000   Number         0  stm32f0xx_hal_rcc.o ABSOLUTE
    stm32f0xx_hal_rcc_ex.c                   0x00000000   Number         0  stm32f0xx_hal_rcc_ex.o ABSOLUTE
    stm32f0xx_hal_tim.c                      0x00000000   Number         0  stm32f0xx_hal_tim.o ABSOLUTE
    stm32f0xx_hal_tim_ex.c                   0x00000000   Number         0  stm32f0xx_hal_tim_ex.o ABSOLUTE
    stm32f0xx_hal_uart.c                     0x00000000   Number         0  stm32f0xx_hal_uart.o ABSOLUTE
    stm32f0xx_hal_uart_ex.c                  0x00000000   Number         0  stm32f0xx_hal_uart_ex.o ABSOLUTE
    stm32f0xx_it.c                           0x00000000   Number         0  stm32f0xx_it.o ABSOLUTE
    stm32f0xx_ll_usb.c                       0x00000000   Number         0  stm32f0xx_ll_usb.o ABSOLUTE
    system_stm32f0xx.c                       0x00000000   Number         0  system_stm32f0xx.o ABSOLUTE
    RESET                                    0x08000000   Section      192  startup_stm32f072xb.o(RESET)
    !!!main                                  0x080000c0   Section        8  __main.o(!!!main)
    !!!scatter                               0x080000c8   Section       84  __scatter.o(!!!scatter)
    !!handler_copy                           0x0800011c   Section       26  __scatter_copy.o(!!handler_copy)
    !!handler_null                           0x08000138   Section        2  __scatter.o(!!handler_null)
    !!handler_zi                             0x0800013c   Section       28  __scatter_zi.o(!!handler_zi)
    .ARM.Collect$$libinit$$00000000          0x08000158   Section        2  libinit.o(.ARM.Collect$$libinit$$00000000)
    .ARM.Collect$$libinit$$00000002          0x0800015a   Section        0  libinit2.o(.ARM.Collect$$libinit$$00000002)
    .ARM.Collect$$libinit$$00000004          0x0800015a   Section        0  libinit2.o(.ARM.Collect$$libinit$$00000004)
    .ARM.Collect$$libinit$$00000006          0x0800015a   Section        0  libinit2.o(.ARM.Collect$$libinit$$00000006)
    .ARM.Collect$$libinit$$0000000C          0x0800015a   Section        0  libinit2.o(.ARM.Collect$$libinit$$0000000C)
    .ARM.Collect$$libinit$$0000000E          0x0800015a   Section        0  libinit2.o(.ARM.Collect$$libinit$$0000000E)
    .ARM.Collect$$libinit$$00000010          0x0800015a   Section        0  libinit2.o(.ARM.Collect$$libinit$$00000010)
    .ARM.Collect$$libinit$$00000013          0x0800015a   Section        0  libinit2.o(.ARM.Collect$$libinit$$00000013)
    .ARM.Collect$$libinit$$00000015          0x0800015a   Section        0  libinit2.o(.ARM.Collect$$libinit$$00000015)
    .ARM.Collect$$libinit$$00000017          0x0800015a   Section        0  libinit2.o(.ARM.Collect$$libinit$$00000017)
    .ARM.Collect$$libinit$$00000019          0x0800015a   Section        0  libinit2.o(.ARM.Collect$$libinit$$00000019)
    .ARM.Collect$$libinit$$0000001B          0x0800015a   Section        0  libinit2.o(.ARM.Collect$$libinit$$0000001B)
    .ARM.Collect$$libinit$$0000001D          0x0800015a   Section        0  libinit2.o(.ARM.Collect$$libinit$$0000001D)
    .ARM.Collect$$libinit$$0000001F          0x0800015a   Section        0  libinit2.o(.ARM.Collect$$libinit$$0000001F)
    .ARM.Collect$$libinit$$00000021          0x0800015a   Section        0  libinit2.o(.ARM.Collect$$libinit$$00000021)
    .ARM.Collect$$libinit$$00000023          0x0800015a   Section        0  libinit2.o(.ARM.Collect$$libinit$$00000023)
    .ARM.Collect$$libinit$$00000025          0x0800015a   Section        0  libinit2.o(.ARM.Collect$$libinit$$00000025)
    .ARM.Collect$$libinit$$00000027          0x0800015a   Section        0  libinit2.o(.ARM.Collect$$libinit$$00000027)
    .ARM.Collect$$libinit$$0000002E          0x0800015a   Section        0  libinit2.o(.ARM.Collect$$libinit$$0000002E)
    .ARM.Collect$$libinit$$00000030          0x0800015a   Section        0  libinit2.o(.ARM.Collect$$libinit$$00000030)
    .ARM.Collect$$libinit$$00000032          0x0800015a   Section        0  libinit2.o(.ARM.Collect$$libinit$$00000032)
    .ARM.Collect$$libinit$$00000034          0x0800015a   Section        0  libinit2.o(.ARM.Collect$$libinit$$00000034)
    .ARM.Collect$$libinit$$00000035          0x0800015a   Section        2  libinit2.o(.ARM.Collect$$libinit$$00000035)
    .ARM.Collect$$libshutdown$$00000000      0x0800015c   Section        2  libshutdown.o(.ARM.Collect$$libshutdown$$00000000)
    .ARM.Collect$$libshutdown$$00000002      0x0800015e   Section        0  libshutdown2.o(.ARM.Collect$$libshutdown$$00000002)
    .ARM.Collect$$libshutdown$$00000004      0x0800015e   Section        0  libshutdown2.o(.ARM.Collect$$libshutdown$$00000004)
    .ARM.Collect$$libshutdown$$00000007      0x0800015e   Section        0  libshutdown2.o(.ARM.Collect$$libshutdown$$00000007)
    .ARM.Collect$$libshutdown$$0000000A      0x0800015e   Section        0  libshutdown2.o(.ARM.Collect$$libshutdown$$0000000A)
    .ARM.Collect$$libshutdown$$0000000C      0x0800015e   Section        0  libshutdown2.o(.ARM.Collect$$libshutdown$$0000000C)
    .ARM.Collect$$libshutdown$$0000000F      0x0800015e   Section        0  libshutdown2.o(.ARM.Collect$$libshutdown$$0000000F)
    .ARM.Collect$$libshutdown$$00000010      0x0800015e   Section        2  libshutdown2.o(.ARM.Collect$$libshutdown$$00000010)
    .ARM.Collect$$rtentry$$00000000          0x08000160   Section        0  __rtentry.o(.ARM.Collect$$rtentry$$00000000)
    .ARM.Collect$$rtentry$$00000002          0x08000160   Section        0  __rtentry2.o(.ARM.Collect$$rtentry$$00000002)
    .ARM.Collect$$rtentry$$00000004          0x08000160   Section        6  __rtentry4.o(.ARM.Collect$$rtentry$$00000004)
    .ARM.Collect$$rtentry$$00000009          0x08000166   Section        0  __rtentry2.o(.ARM.Collect$$rtentry$$00000009)
    .ARM.Collect$$rtentry$$0000000A          0x08000166   Section        4  __rtentry2.o(.ARM.Collect$$rtentry$$0000000A)
    .ARM.Collect$$rtentry$$0000000C          0x0800016a   Section        0  __rtentry2.o(.ARM.Collect$$rtentry$$0000000C)
    .ARM.Collect$$rtentry$$0000000D          0x0800016a   Section        8  __rtentry2.o(.ARM.Collect$$rtentry$$0000000D)
    .ARM.Collect$$rtexit$$00000000           0x08000172   Section        2  rtexit.o(.ARM.Collect$$rtexit$$00000000)
    .ARM.Collect$$rtexit$$00000002           0x08000174   Section        0  rtexit2.o(.ARM.Collect$$rtexit$$00000002)
    .ARM.Collect$$rtexit$$00000003           0x08000174   Section        4  rtexit2.o(.ARM.Collect$$rtexit$$00000003)
    .ARM.Collect$$rtexit$$00000004           0x08000178   Section        6  rtexit2.o(.ARM.Collect$$rtexit$$00000004)
    .emb_text                                0x08000180   Section       56  rt_memcpy.o(.emb_text)
    .text                                    0x080001b8   Section       56  startup_stm32f072xb.o(.text)
    .text                                    0x080001f0   Section        0  strlen.o(.text)
    .text                                    0x08000234   Section        0  rt_memcpy.o(.text)
    .text                                    0x080002b6   Section        0  rt_memclr.o(.text)
    .text                                    0x080002f6   Section        0  heapauxi.o(.text)
    .text                                    0x080002fc   Section        0  d2f.o(.text)
    _dadd1                                   0x08000379   Thumb Code   290  daddsub.o(.text)
    .text                                    0x08000378   Section        0  daddsub.o(.text)
    _dsub1                                   0x0800049b   Thumb Code   470  daddsub.o(.text)
    .text                                    0x080006d0   Section        0  ddiv.o(.text)
    .text                                    0x08000b18   Section        0  dflti.o(.text)
    .text                                    0x08000b70   Section        0  ffixi.o(.text)
    .text                                    0x08000bbc   Section       62  sys_stackheap_outer.o(.text)
    .text                                    0x08000bfa   Section        0  exit.o(.text)
    .text                                    0x08000c0c   Section        8  libspace.o(.text)
    .text                                    0x08000c14   Section        0  sys_exit.o(.text)
    .text                                    0x08000c20   Section        2  use_no_semi.o(.text)
    .text                                    0x08000c22   Section        0  indicate_semi.o(.text)
    [Anonymous Symbol]                       0x08000c24   Section        0  stm32f0xx_it.o(.text.DMA1_Channel2_3_IRQHandler)
    __arm_cp.5_0                             0x08000c30   Number         4  stm32f0xx_it.o(.text.DMA1_Channel2_3_IRQHandler)
    [Anonymous Symbol]                       0x08000c34   Section        0  stm32f0xx_it.o(.text.DMA1_Channel4_5_6_7_IRQHandler)
    __arm_cp.6_0                             0x08000c40   Number         4  stm32f0xx_it.o(.text.DMA1_Channel4_5_6_7_IRQHandler)
    [Anonymous Symbol]                       0x08000c44   Section        0  main.o(.text.Error_Handler)
    [Anonymous Symbol]                       0x08000c4c   Section        0  stm32f0xx_hal_can.o(.text.HAL_CAN_AddTxMessage)
    [Anonymous Symbol]                       0x08000cee   Section        0  stm32f0xx_hal_can.o(.text.HAL_CAN_ConfigFilter)
    [Anonymous Symbol]                       0x08000ddc   Section        0  stm32f0xx_hal_can.o(.text.HAL_CAN_GetRxFifoFillLevel)
    [Anonymous Symbol]                       0x08000dfe   Section        0  stm32f0xx_hal_can.o(.text.HAL_CAN_GetRxMessage)
    [Anonymous Symbol]                       0x08000ef0   Section        0  stm32f0xx_hal_can.o(.text.HAL_CAN_Init)
    [Anonymous Symbol]                       0x08001004   Section        0  stm32f0xx_hal_msp.o(.text.HAL_CAN_MspInit)
    __arm_cp.1_0                             0x08001064   Number         4  stm32f0xx_hal_msp.o(.text.HAL_CAN_MspInit)
    __arm_cp.1_1                             0x08001068   Number         4  stm32f0xx_hal_msp.o(.text.HAL_CAN_MspInit)
    __arm_cp.1_2                             0x0800106c   Number         4  stm32f0xx_hal_msp.o(.text.HAL_CAN_MspInit)
    [Anonymous Symbol]                       0x08001070   Section        0  stm32f0xx_hal_can.o(.text.HAL_CAN_Start)
    [Anonymous Symbol]                       0x080010d2   Section        0  stm32f0xx_hal_dma.o(.text.HAL_DMA_Abort)
    [Anonymous Symbol]                       0x08001110   Section        0  stm32f0xx_hal_dma.o(.text.HAL_DMA_GetError)
    [Anonymous Symbol]                       0x08001114   Section        0  stm32f0xx_hal_dma.o(.text.HAL_DMA_IRQHandler)
    [Anonymous Symbol]                       0x080011e8   Section        0  stm32f0xx_hal_dma.o(.text.HAL_DMA_Init)
    __arm_cp.0_0                             0x0800125c   Number         4  stm32f0xx_hal_dma.o(.text.HAL_DMA_Init)
    __arm_cp.0_1                             0x08001260   Number         4  stm32f0xx_hal_dma.o(.text.HAL_DMA_Init)
    __arm_cp.0_2                             0x08001264   Number         4  stm32f0xx_hal_dma.o(.text.HAL_DMA_Init)
    [Anonymous Symbol]                       0x08001268   Section        0  stm32f0xx_hal_dma.o(.text.HAL_DMA_Start_IT)
    [Anonymous Symbol]                       0x080012ec   Section        0  stm32f0xx_hal.o(.text.HAL_Delay)
    [Anonymous Symbol]                       0x0800130c   Section        0  stm32f0xx_hal_gpio.o(.text.HAL_GPIO_Init)
    __arm_cp.0_0                             0x0800149c   Number         4  stm32f0xx_hal_gpio.o(.text.HAL_GPIO_Init)
    __arm_cp.0_1                             0x080014a0   Number         4  stm32f0xx_hal_gpio.o(.text.HAL_GPIO_Init)
    __arm_cp.0_3                             0x080014a4   Number         4  stm32f0xx_hal_gpio.o(.text.HAL_GPIO_Init)
    [Anonymous Symbol]                       0x080014a8   Section        0  stm32f0xx_hal_gpio.o(.text.HAL_GPIO_ReadPin)
    [Anonymous Symbol]                       0x080014b2   Section        0  stm32f0xx_hal_gpio.o(.text.HAL_GPIO_WritePin)
    [Anonymous Symbol]                       0x080014c4   Section        0  stm32f0xx_hal.o(.text.HAL_GetTick)
    [Anonymous Symbol]                       0x080014cc   Section        0  stm32f0xx_hal.o(.text.HAL_IncTick)
    __arm_cp.5_1                             0x080014dc   Number         4  stm32f0xx_hal.o(.text.HAL_IncTick)
    [Anonymous Symbol]                       0x080014e0   Section        0  stm32f0xx_hal.o(.text.HAL_Init)
    __arm_cp.0_0                             0x080014fc   Number         4  stm32f0xx_hal.o(.text.HAL_Init)
    [Anonymous Symbol]                       0x08001500   Section        0  stm32f0xx_hal.o(.text.HAL_InitTick)
    __arm_cp.1_0                             0x0800153c   Number         4  stm32f0xx_hal.o(.text.HAL_InitTick)
    __arm_cp.1_1                             0x08001540   Number         4  stm32f0xx_hal.o(.text.HAL_InitTick)
    [Anonymous Symbol]                       0x08001544   Section        0  stm32f0xx_hal_msp.o(.text.HAL_MspInit)
    __arm_cp.0_0                             0x0800156c   Number         4  stm32f0xx_hal_msp.o(.text.HAL_MspInit)
    [Anonymous Symbol]                       0x08001570   Section        0  stm32f0xx_hal_cortex.o(.text.HAL_NVIC_EnableIRQ)
    __arm_cp.1_0                             0x08001584   Number         4  stm32f0xx_hal_cortex.o(.text.HAL_NVIC_EnableIRQ)
    [Anonymous Symbol]                       0x08001588   Section        0  stm32f0xx_hal_cortex.o(.text.HAL_NVIC_SetPriority)
    __arm_cp.0_0                             0x080015b8   Number         4  stm32f0xx_hal_cortex.o(.text.HAL_NVIC_SetPriority)
    __arm_cp.0_1                             0x080015bc   Number         4  stm32f0xx_hal_cortex.o(.text.HAL_NVIC_SetPriority)
    [Anonymous Symbol]                       0x080015c0   Section        0  stm32f0xx_hal_pcd_ex.o(.text.HAL_PCDEx_ActivateLPM)
    [Anonymous Symbol]                       0x080015e8   Section        0  stm32f0xx_hal_pcd.o(.text.HAL_PCD_DeInit)
    __arm_cp.2_0                             0x08001618   Number         4  stm32f0xx_hal_pcd.o(.text.HAL_PCD_DeInit)
    [Anonymous Symbol]                       0x0800161c   Section        0  stm32f0xx_hal_pcd.o(.text.HAL_PCD_Init)
    [Anonymous Symbol]                       0x0800186c   Section        0  stm32f0xx_hal_msp.o(.text.HAL_PCD_MspDeInit)
    [Anonymous Symbol]                       0x08001884   Section        0  stm32f0xx_hal_msp.o(.text.HAL_PCD_MspInit)
    __arm_cp.8_0                             0x080018ac   Number         4  stm32f0xx_hal_msp.o(.text.HAL_PCD_MspInit)
    __arm_cp.8_1                             0x080018b0   Number         4  stm32f0xx_hal_msp.o(.text.HAL_PCD_MspInit)
    [Anonymous Symbol]                       0x080018b4   Section        0  stm32f0xx_hal_rcc_ex.o(.text.HAL_RCCEx_PeriphCLKConfig)
    __arm_cp.0_0                             0x080019f0   Number         4  stm32f0xx_hal_rcc_ex.o(.text.HAL_RCCEx_PeriphCLKConfig)
    __arm_cp.0_1                             0x080019f4   Number         4  stm32f0xx_hal_rcc_ex.o(.text.HAL_RCCEx_PeriphCLKConfig)
    __arm_cp.0_2                             0x080019f8   Number         4  stm32f0xx_hal_rcc_ex.o(.text.HAL_RCCEx_PeriphCLKConfig)
    [Anonymous Symbol]                       0x080019fc   Section        0  stm32f0xx_hal_rcc.o(.text.HAL_RCC_ClockConfig)
    __arm_cp.2_0                             0x08001b54   Number         4  stm32f0xx_hal_rcc.o(.text.HAL_RCC_ClockConfig)
    __arm_cp.2_2                             0x08001b58   Number         4  stm32f0xx_hal_rcc.o(.text.HAL_RCC_ClockConfig)
    __arm_cp.2_7                             0x08001b5c   Number         4  stm32f0xx_hal_rcc.o(.text.HAL_RCC_ClockConfig)
    [Anonymous Symbol]                       0x08001b60   Section        0  stm32f0xx_hal_rcc.o(.text.HAL_RCC_GetPCLK1Freq)
    __arm_cp.8_0                             0x08001b74   Number         4  stm32f0xx_hal_rcc.o(.text.HAL_RCC_GetPCLK1Freq)
    __arm_cp.8_2                             0x08001b78   Number         4  stm32f0xx_hal_rcc.o(.text.HAL_RCC_GetPCLK1Freq)
    [Anonymous Symbol]                       0x08001b7c   Section        0  stm32f0xx_hal_rcc.o(.text.HAL_RCC_GetSysClockFreq)
    __arm_cp.3_0                             0x08001bc8   Number         4  stm32f0xx_hal_rcc.o(.text.HAL_RCC_GetSysClockFreq)
    __arm_cp.3_1                             0x08001bcc   Number         4  stm32f0xx_hal_rcc.o(.text.HAL_RCC_GetSysClockFreq)
    __arm_cp.3_2                             0x08001bd0   Number         4  stm32f0xx_hal_rcc.o(.text.HAL_RCC_GetSysClockFreq)
    __arm_cp.3_3                             0x08001bd4   Number         4  stm32f0xx_hal_rcc.o(.text.HAL_RCC_GetSysClockFreq)
    __arm_cp.3_4                             0x08001bd8   Number         4  stm32f0xx_hal_rcc.o(.text.HAL_RCC_GetSysClockFreq)
    [Anonymous Symbol]                       0x08001bdc   Section        0  stm32f0xx_hal_rcc.o(.text.HAL_RCC_OscConfig)
    __arm_cp.1_4                             0x08001fcc   Number         4  stm32f0xx_hal_rcc.o(.text.HAL_RCC_OscConfig)
    __arm_cp.1_1                             0x08002068   Number         4  stm32f0xx_hal_rcc.o(.text.HAL_RCC_OscConfig)
    __arm_cp.1_2                             0x0800206c   Number         4  stm32f0xx_hal_rcc.o(.text.HAL_RCC_OscConfig)
    [Anonymous Symbol]                       0x08002070   Section        0  stm32f0xx_hal_cortex.o(.text.HAL_SYSTICK_Config)
    __arm_cp.4_0                             0x08002098   Number         4  stm32f0xx_hal_cortex.o(.text.HAL_SYSTICK_Config)
    __arm_cp.4_1                             0x0800209c   Number         4  stm32f0xx_hal_cortex.o(.text.HAL_SYSTICK_Config)
    __arm_cp.4_2                             0x080020a0   Number         4  stm32f0xx_hal_cortex.o(.text.HAL_SYSTICK_Config)
    [Anonymous Symbol]                       0x080020a4   Section        0  stm32f0xx_hal_tim_ex.o(.text.HAL_TIMEx_ConfigBreakDeadTime)
    [Anonymous Symbol]                       0x08002100   Section        0  stm32f0xx_hal_tim_ex.o(.text.HAL_TIMEx_MasterConfigSynchronization)
    [Anonymous Symbol]                       0x0800215c   Section        0  stm32f0xx_hal_tim.o(.text.HAL_TIM_Base_Init)
    __arm_cp.0_2                             0x08002240   Number         4  stm32f0xx_hal_tim.o(.text.HAL_TIM_Base_Init)
    __arm_cp.0_3                             0x08002244   Number         4  stm32f0xx_hal_tim.o(.text.HAL_TIM_Base_Init)
    __arm_cp.0_4                             0x08002248   Number         4  stm32f0xx_hal_tim.o(.text.HAL_TIM_Base_Init)
    __arm_cp.0_5                             0x0800224c   Number         4  stm32f0xx_hal_tim.o(.text.HAL_TIM_Base_Init)
    __arm_cp.0_6                             0x08002250   Number         4  stm32f0xx_hal_tim.o(.text.HAL_TIM_Base_Init)
    __arm_cp.0_7                             0x08002254   Number         4  stm32f0xx_hal_tim.o(.text.HAL_TIM_Base_Init)
    __arm_cp.0_8                             0x08002258   Number         4  stm32f0xx_hal_tim.o(.text.HAL_TIM_Base_Init)
    [Anonymous Symbol]                       0x0800225c   Section        0  stm32f0xx_hal_msp.o(.text.HAL_TIM_Base_MspInit)
    __arm_cp.3_2                             0x080022b8   Number         4  stm32f0xx_hal_msp.o(.text.HAL_TIM_Base_MspInit)
    [Anonymous Symbol]                       0x080022bc   Section        0  stm32f0xx_hal_tim.o(.text.HAL_TIM_ConfigClockSource)
    __arm_cp.90_0                            0x08002414   Number         4  stm32f0xx_hal_tim.o(.text.HAL_TIM_ConfigClockSource)
    [Anonymous Symbol]                       0x08002418   Section        0  stm32f0xx_hal_msp.o(.text.HAL_TIM_MspPostInit)
    __arm_cp.4_0                             0x080024dc   Number         4  stm32f0xx_hal_msp.o(.text.HAL_TIM_MspPostInit)
    __arm_cp.4_1                             0x080024e0   Number         4  stm32f0xx_hal_msp.o(.text.HAL_TIM_MspPostInit)
    __arm_cp.4_2                             0x080024e4   Number         4  stm32f0xx_hal_msp.o(.text.HAL_TIM_MspPostInit)
    __arm_cp.4_3                             0x080024e8   Number         4  stm32f0xx_hal_msp.o(.text.HAL_TIM_MspPostInit)
    [Anonymous Symbol]                       0x080024ec   Section        0  stm32f0xx_hal_tim.o(.text.HAL_TIM_PWM_ConfigChannel)
    __arm_cp.77_1                            0x08002774   Number         4  stm32f0xx_hal_tim.o(.text.HAL_TIM_PWM_ConfigChannel)
    __arm_cp.77_2                            0x08002778   Number         4  stm32f0xx_hal_tim.o(.text.HAL_TIM_PWM_ConfigChannel)
    [Anonymous Symbol]                       0x0800277c   Section        0  stm32f0xx_hal_tim.o(.text.HAL_TIM_PWM_Init)
    __arm_cp.27_3                            0x08002860   Number         4  stm32f0xx_hal_tim.o(.text.HAL_TIM_PWM_Init)
    __arm_cp.27_4                            0x08002864   Number         4  stm32f0xx_hal_tim.o(.text.HAL_TIM_PWM_Init)
    __arm_cp.27_5                            0x08002868   Number         4  stm32f0xx_hal_tim.o(.text.HAL_TIM_PWM_Init)
    __arm_cp.27_7                            0x0800286c   Number         4  stm32f0xx_hal_tim.o(.text.HAL_TIM_PWM_Init)
    __arm_cp.27_8                            0x08002870   Number         4  stm32f0xx_hal_tim.o(.text.HAL_TIM_PWM_Init)
    [Anonymous Symbol]                       0x08002874   Section        0  stm32f0xx_hal_tim.o(.text.HAL_TIM_PWM_MspInit)
    [Anonymous Symbol]                       0x08002878   Section        0  stm32f0xx_hal_tim.o(.text.HAL_TIM_PWM_Start)
    __arm_cp.31_0                            0x08002934   Number         4  stm32f0xx_hal_tim.o(.text.HAL_TIM_PWM_Start)
    __arm_cp.31_1                            0x08002938   Number         4  stm32f0xx_hal_tim.o(.text.HAL_TIM_PWM_Start)
    __arm_cp.31_2                            0x0800293c   Number         4  stm32f0xx_hal_tim.o(.text.HAL_TIM_PWM_Start)
    __arm_cp.31_3                            0x08002940   Number         4  stm32f0xx_hal_tim.o(.text.HAL_TIM_PWM_Start)
    __arm_cp.31_4                            0x08002944   Number         4  stm32f0xx_hal_tim.o(.text.HAL_TIM_PWM_Start)
    [Anonymous Symbol]                       0x08002948   Section        0  stm32f0xx_hal_uart.o(.text.HAL_UARTEx_RxEventCallback)
    [Anonymous Symbol]                       0x0800294a   Section        0  stm32f0xx_hal_uart.o(.text.HAL_UART_DMAStop)
    [Anonymous Symbol]                       0x08002a4c   Section        0  stm32f0xx_hal_uart.o(.text.HAL_UART_ErrorCallback)
    [Anonymous Symbol]                       0x08002a4e   Section        0  stm32f0xx_hal_uart.o(.text.HAL_UART_Init)
    [Anonymous Symbol]                       0x08002abc   Section        0  stm32f0xx_hal_msp.o(.text.HAL_UART_MspInit)
    __arm_cp.6_0                             0x08002b90   Number         4  stm32f0xx_hal_msp.o(.text.HAL_UART_MspInit)
    __arm_cp.6_1                             0x08002b94   Number         4  stm32f0xx_hal_msp.o(.text.HAL_UART_MspInit)
    __arm_cp.6_2                             0x08002b98   Number         4  stm32f0xx_hal_msp.o(.text.HAL_UART_MspInit)
    __arm_cp.6_3                             0x08002b9c   Number         4  stm32f0xx_hal_msp.o(.text.HAL_UART_MspInit)
    __arm_cp.6_4                             0x08002ba0   Number         4  stm32f0xx_hal_msp.o(.text.HAL_UART_MspInit)
    __arm_cp.6_5                             0x08002ba4   Number         4  stm32f0xx_hal_msp.o(.text.HAL_UART_MspInit)
    __arm_cp.6_6                             0x08002ba8   Number         4  stm32f0xx_hal_msp.o(.text.HAL_UART_MspInit)
    [Anonymous Symbol]                       0x08002bac   Section        0  stm32f0xx_hal_uart.o(.text.HAL_UART_Receive_DMA)
    __arm_cp.22_0                            0x08002cb4   Number         4  stm32f0xx_hal_uart.o(.text.HAL_UART_Receive_DMA)
    __arm_cp.22_1                            0x08002cb8   Number         4  stm32f0xx_hal_uart.o(.text.HAL_UART_Receive_DMA)
    __arm_cp.22_2                            0x08002cbc   Number         4  stm32f0xx_hal_uart.o(.text.HAL_UART_Receive_DMA)
    [Anonymous Symbol]                       0x08002cc0   Section        0  stm32f0xx_hal_uart.o(.text.HAL_UART_RxCpltCallback)
    [Anonymous Symbol]                       0x08002cc2   Section        0  stm32f0xx_hal_uart.o(.text.HAL_UART_RxHalfCpltCallback)
    [Anonymous Symbol]                       0x08002cc4   Section        0  stm32f0xx_it.o(.text.HardFault_Handler)
    [Anonymous Symbol]                       0x08002cc6   Section        0  stm32f0xx_it.o(.text.NMI_Handler)
    [Anonymous Symbol]                       0x08002cc8   Section        0  stm32f0xx_it.o(.text.PendSV_Handler)
    [Anonymous Symbol]                       0x08002cca   Section        0  stm32f0xx_it.o(.text.SVC_Handler)
    [Anonymous Symbol]                       0x08002ccc   Section        0  stm32f0xx_it.o(.text.SysTick_Handler)
    [Anonymous Symbol]                       0x08002cd4   Section        0  system_stm32f0xx.o(.text.SystemInit)
    [Anonymous Symbol]                       0x08002cd6   Section        0  stm32f0xx_hal_uart.o(.text.UART_AdvFeatureConfig)
    [Anonymous Symbol]                       0x08002da8   Section        0  stm32f0xx_hal_uart.o(.text.UART_CheckIdleState)
    __arm_cp.4_0                             0x08002e74   Number         4  stm32f0xx_hal_uart.o(.text.UART_CheckIdleState)
    UART_DMAError                            0x08002e79   Thumb Code   178  stm32f0xx_hal_uart.o(.text.UART_DMAError)
    [Anonymous Symbol]                       0x08002e78   Section        0  stm32f0xx_hal_uart.o(.text.UART_DMAError)
    UART_DMAReceiveCplt                      0x08002f2b   Thumb Code   152  stm32f0xx_hal_uart.o(.text.UART_DMAReceiveCplt)
    [Anonymous Symbol]                       0x08002f2a   Section        0  stm32f0xx_hal_uart.o(.text.UART_DMAReceiveCplt)
    UART_DMARxHalfCplt                       0x08002fc3   Thumb Code    32  stm32f0xx_hal_uart.o(.text.UART_DMARxHalfCplt)
    [Anonymous Symbol]                       0x08002fc2   Section        0  stm32f0xx_hal_uart.o(.text.UART_DMARxHalfCplt)
    [Anonymous Symbol]                       0x08002fe4   Section        0  stm32f0xx_hal_uart.o(.text.UART_SetConfig)
    __arm_cp.3_0                             0x0800310c   Number         4  stm32f0xx_hal_uart.o(.text.UART_SetConfig)
    __arm_cp.3_1                             0x08003110   Number         4  stm32f0xx_hal_uart.o(.text.UART_SetConfig)
    __arm_cp.3_2                             0x08003114   Number         4  stm32f0xx_hal_uart.o(.text.UART_SetConfig)
    __arm_cp.3_3                             0x08003118   Number         4  stm32f0xx_hal_uart.o(.text.UART_SetConfig)
    __arm_cp.3_4                             0x0800311c   Number         4  stm32f0xx_hal_uart.o(.text.UART_SetConfig)
    __arm_cp.3_5                             0x08003120   Number         4  stm32f0xx_hal_uart.o(.text.UART_SetConfig)
    __arm_cp.3_6                             0x08003124   Number         4  stm32f0xx_hal_uart.o(.text.UART_SetConfig)
    __arm_cp.3_7                             0x08003128   Number         4  stm32f0xx_hal_uart.o(.text.UART_SetConfig)
    __arm_cp.3_8                             0x0800312c   Number         4  stm32f0xx_hal_uart.o(.text.UART_SetConfig)
    __arm_cp.3_9                             0x08003130   Number         4  stm32f0xx_hal_uart.o(.text.UART_SetConfig)
    [Anonymous Symbol]                       0x08003134   Section        0  stm32f0xx_hal_uart.o(.text.UART_WaitOnFlagUntilTimeout)
    [Anonymous Symbol]                       0x080032f0   Section        0  stm32f0xx_ll_usb.o(.text.USB_DevInit)
    [Anonymous Symbol]                       0x08003304   Section        0  stm32f0xx_ll_usb.o(.text.USB_DisableGlobalInt)
    __arm_cp.2_0                             0x08003314   Number         4  stm32f0xx_ll_usb.o(.text.USB_DisableGlobalInt)
    [Anonymous Symbol]                       0x08003318   Section        0  stm32f0xx_ll_usb.o(.text.USB_StopDevice)
    [Anonymous Symbol]                       0x08003330   Section        0  main.o(.text.main)
    __arm_cp.0_33                            0x0800373c   Number         4  main.o(.text.main)
    __arm_cp.0_36                            0x08003748   Number         4  main.o(.text.main)
    __arm_cp.0_38                            0x08003750   Number         4  main.o(.text.main)
    __arm_cp.0_40                            0x08003758   Number         4  main.o(.text.main)
    __arm_cp.0_42                            0x08003760   Number         4  main.o(.text.main)
    __arm_cp.0_43                            0x08003764   Number         4  main.o(.text.main)
    __arm_cp.0_45                            0x08003920   Number         4  main.o(.text.main)
    __arm_cp.0_47                            0x08003998   Number         4  main.o(.text.main)
    __arm_cp.0_51                            0x080039a8   Number         4  main.o(.text.main)
    __arm_cp.0_59                            0x08003df0   Number         4  main.o(.text.main)
    __arm_cp.0_66                            0x08003e8c   Number         4  main.o(.text.main)
    __arm_cp.0_67                            0x08003e90   Number         4  main.o(.text.main)
    __arm_cp.0_0                             0x08003e94   Number         4  main.o(.text.main)
    __arm_cp.0_1                             0x08003e98   Number         4  main.o(.text.main)
    __arm_cp.0_4                             0x08003e9c   Number         4  main.o(.text.main)
    __arm_cp.0_6                             0x08003ea0   Number         4  main.o(.text.main)
    __arm_cp.0_8                             0x08003ea4   Number         4  main.o(.text.main)
    __arm_cp.0_10                            0x08003ea8   Number         4  main.o(.text.main)
    __arm_cp.0_13                            0x08003eac   Number         4  main.o(.text.main)
    __arm_cp.0_15                            0x08003eb0   Number         4  main.o(.text.main)
    __arm_cp.0_17                            0x08003eb4   Number         4  main.o(.text.main)
    __arm_cp.0_18                            0x08003eb8   Number         4  main.o(.text.main)
    __arm_cp.0_20                            0x08003ebc   Number         4  main.o(.text.main)
    __arm_cp.0_21                            0x08003ec0   Number         4  main.o(.text.main)
    __arm_cp.0_22                            0x08003ec4   Number         4  main.o(.text.main)
    __arm_cp.0_23                            0x08003ec8   Number         4  main.o(.text.main)
    __arm_cp.0_24                            0x08003ecc   Number         4  main.o(.text.main)
    __arm_cp.0_25                            0x08003ed0   Number         4  main.o(.text.main)
    __arm_cp.0_26                            0x08003ed4   Number         4  main.o(.text.main)
    .text_divfast                            0x08003ed8   Section      502  aeabi_sdivfast.o(.text_divfast)
    ddiv_reciptbl                            0x080040ce   Data         128  ddiv.o(.constdata)
    .constdata                               0x080040ce   Section      128  ddiv.o(.constdata)
    x$fpl$usenofp                            0x080040ce   Section        0  usenofp.o(x$fpl$usenofp)
    HAL_RCC_GetSysClockFreq.aPLLMULFactorTable 0x08004166   Data          16  stm32f0xx_hal_rcc.o(.rodata.cst16)
    [Anonymous Symbol]                       0x08004166   Section        0  stm32f0xx_hal_rcc.o(.rodata.cst16)
    HAL_RCC_GetSysClockFreq.aPredivFactorTable 0x08004176   Data          16  stm32f0xx_hal_rcc.o(.rodata.cst16)
    [Anonymous Symbol]                       0x08004188   Section        0  stm32f0xx_hal_uart.o(.rodata.cst16)
    [Anonymous Symbol]                       0x20000000   Section        0  stm32f0xx_hal.o(.data..L_MergedGlobals)
    .bss                                     0x20000010   Section       96  libspace.o(.bss)
    [Anonymous Symbol]                       0x20000070   Section        0  main.o(.bss..L_MergedGlobals)
    Heap_Mem                                 0x200008b8   Data         512  startup_stm32f072xb.o(HEAP)
    HEAP                                     0x200008b8   Section      512  startup_stm32f072xb.o(HEAP)
    Stack_Mem                                0x20000ab8   Data        1024  startup_stm32f072xb.o(STACK)
    STACK                                    0x20000ab8   Section     1024  startup_stm32f072xb.o(STACK)
    __initial_sp                             0x20000eb8   Data           0  startup_stm32f072xb.o(STACK)

    Global Symbols

    Symbol Name                              Value     Ov Type        Size  Object(Section)

    BuildAttributes$$THM_ISAv3M$S$PE$A:L22$X:L11$S22$IEEE1$IW$~IW$USESV6$~STKCKD$USESV7$~SHL$OTIME$ROPI$EBA8$UX$STANDARDLIB$REQ8$PRES8$EABIv2 0x00000000   Number         0  anon$$obj.o ABSOLUTE
    __ARM_exceptions_init                     - Undefined Weak Reference
    __alloca_initialize                       - Undefined Weak Reference
    __arm_preinit_                            - Undefined Weak Reference
    __arm_relocate_pie_                       - Undefined Weak Reference
    __cpp_initialize__aeabi_                  - Undefined Weak Reference
    __cxa_finalize                            - Undefined Weak Reference
    __rt_locale                               - Undefined Weak Reference
    __sigvec_lookup                           - Undefined Weak Reference
    _atexit_init                              - Undefined Weak Reference
    _call_atexit_fns                          - Undefined Weak Reference
    _clock_init                               - Undefined Weak Reference
    _fp_trap_init                             - Undefined Weak Reference
    _fp_trap_shutdown                         - Undefined Weak Reference
    _get_lc_collate                           - Undefined Weak Reference
    _get_lc_ctype                             - Undefined Weak Reference
    _get_lc_monetary                          - Undefined Weak Reference
    _get_lc_numeric                           - Undefined Weak Reference
    _get_lc_time                              - Undefined Weak Reference
    _getenv_init                              - Undefined Weak Reference
    _handle_redirection                       - Undefined Weak Reference
    _init_alloc                               - Undefined Weak Reference
    _init_user_alloc                          - Undefined Weak Reference
    _initio                                   - Undefined Weak Reference
    _rand_init                                - Undefined Weak Reference
    _signal_finish                            - Undefined Weak Reference
    _signal_init                              - Undefined Weak Reference
    _terminate_alloc                          - Undefined Weak Reference
    _terminate_user_alloc                     - Undefined Weak Reference
    _terminateio                              - Undefined Weak Reference
    __Vectors_Size                           0x000000c0   Number         0  startup_stm32f072xb.o ABSOLUTE
    __Vectors                                0x08000000   Data           4  startup_stm32f072xb.o(RESET)
    __Vectors_End                            0x080000c0   Data           0  startup_stm32f072xb.o(RESET)
    __main                                   0x080000c1   Thumb Code     8  __main.o(!!!main)
    __scatterload                            0x080000c9   Thumb Code     0  __scatter.o(!!!scatter)
    __scatterload_rt2                        0x080000c9   Thumb Code    74  __scatter.o(!!!scatter)
    __scatterload_rt2_thumb_only             0x080000c9   Thumb Code     0  __scatter.o(!!!scatter)
    __scatterload_loop                       0x080000d3   Thumb Code     0  __scatter.o(!!!scatter)
    __scatterload_copy                       0x0800011d   Thumb Code    26  __scatter_copy.o(!!handler_copy)
    __scatterload_null                       0x08000139   Thumb Code     2  __scatter.o(!!handler_null)
    __scatterload_zeroinit                   0x0800013d   Thumb Code    28  __scatter_zi.o(!!handler_zi)
    __rt_lib_init                            0x08000159   Thumb Code     0  libinit.o(.ARM.Collect$$libinit$$00000000)
    __rt_lib_init_alloca_1                   0x0800015b   Thumb Code     0  libinit2.o(.ARM.Collect$$libinit$$00000030)
    __rt_lib_init_argv_1                     0x0800015b   Thumb Code     0  libinit2.o(.ARM.Collect$$libinit$$0000002E)
    __rt_lib_init_atexit_1                   0x0800015b   Thumb Code     0  libinit2.o(.ARM.Collect$$libinit$$0000001D)
    __rt_lib_init_clock_1                    0x0800015b   Thumb Code     0  libinit2.o(.ARM.Collect$$libinit$$00000023)
    __rt_lib_init_cpp_1                      0x0800015b   Thumb Code     0  libinit2.o(.ARM.Collect$$libinit$$00000034)
    __rt_lib_init_exceptions_1               0x0800015b   Thumb Code     0  libinit2.o(.ARM.Collect$$libinit$$00000032)
    __rt_lib_init_fp_1                       0x0800015b   Thumb Code     0  libinit2.o(.ARM.Collect$$libinit$$00000002)
    __rt_lib_init_fp_trap_1                  0x0800015b   Thumb Code     0  libinit2.o(.ARM.Collect$$libinit$$00000021)
    __rt_lib_init_getenv_1                   0x0800015b   Thumb Code     0  libinit2.o(.ARM.Collect$$libinit$$00000025)
    __rt_lib_init_heap_1                     0x0800015b   Thumb Code     0  libinit2.o(.ARM.Collect$$libinit$$0000000C)
    __rt_lib_init_lc_collate_1               0x0800015b   Thumb Code     0  libinit2.o(.ARM.Collect$$libinit$$00000013)
    __rt_lib_init_lc_ctype_1                 0x0800015b   Thumb Code     0  libinit2.o(.ARM.Collect$$libinit$$00000015)
    __rt_lib_init_lc_monetary_1              0x0800015b   Thumb Code     0  libinit2.o(.ARM.Collect$$libinit$$00000017)
    __rt_lib_init_lc_numeric_1               0x0800015b   Thumb Code     0  libinit2.o(.ARM.Collect$$libinit$$00000019)
    __rt_lib_init_lc_time_1                  0x0800015b   Thumb Code     0  libinit2.o(.ARM.Collect$$libinit$$0000001B)
    __rt_lib_init_preinit_1                  0x0800015b   Thumb Code     0  libinit2.o(.ARM.Collect$$libinit$$00000006)
    __rt_lib_init_rand_1                     0x0800015b   Thumb Code     0  libinit2.o(.ARM.Collect$$libinit$$00000010)
    __rt_lib_init_relocate_pie_1             0x0800015b   Thumb Code     0  libinit2.o(.ARM.Collect$$libinit$$00000004)
    __rt_lib_init_return                     0x0800015b   Thumb Code     0  libinit2.o(.ARM.Collect$$libinit$$00000035)
    __rt_lib_init_signal_1                   0x0800015b   Thumb Code     0  libinit2.o(.ARM.Collect$$libinit$$0000001F)
    __rt_lib_init_stdio_1                    0x0800015b   Thumb Code     0  libinit2.o(.ARM.Collect$$libinit$$00000027)
    __rt_lib_init_user_alloc_1               0x0800015b   Thumb Code     0  libinit2.o(.ARM.Collect$$libinit$$0000000E)
    __rt_lib_shutdown                        0x0800015d   Thumb Code     0  libshutdown.o(.ARM.Collect$$libshutdown$$00000000)
    __rt_lib_shutdown_cpp_1                  0x0800015f   Thumb Code     0  libshutdown2.o(.ARM.Collect$$libshutdown$$00000002)
    __rt_lib_shutdown_fp_trap_1              0x0800015f   Thumb Code     0  libshutdown2.o(.ARM.Collect$$libshutdown$$00000007)
    __rt_lib_shutdown_heap_1                 0x0800015f   Thumb Code     0  libshutdown2.o(.ARM.Collect$$libshutdown$$0000000F)
    __rt_lib_shutdown_return                 0x0800015f   Thumb Code     0  libshutdown2.o(.ARM.Collect$$libshutdown$$00000010)
    __rt_lib_shutdown_signal_1               0x0800015f   Thumb Code     0  libshutdown2.o(.ARM.Collect$$libshutdown$$0000000A)
    __rt_lib_shutdown_stdio_1                0x0800015f   Thumb Code     0  libshutdown2.o(.ARM.Collect$$libshutdown$$00000004)
    __rt_lib_shutdown_user_alloc_1           0x0800015f   Thumb Code     0  libshutdown2.o(.ARM.Collect$$libshutdown$$0000000C)
    __rt_entry                               0x08000161   Thumb Code     0  __rtentry.o(.ARM.Collect$$rtentry$$00000000)
    __rt_entry_presh_1                       0x08000161   Thumb Code     0  __rtentry2.o(.ARM.Collect$$rtentry$$00000002)
    __rt_entry_sh                            0x08000161   Thumb Code     0  __rtentry4.o(.ARM.Collect$$rtentry$$00000004)
    __rt_entry_li                            0x08000167   Thumb Code     0  __rtentry2.o(.ARM.Collect$$rtentry$$0000000A)
    __rt_entry_postsh_1                      0x08000167   Thumb Code     0  __rtentry2.o(.ARM.Collect$$rtentry$$00000009)
    __rt_entry_main                          0x0800016b   Thumb Code     0  __rtentry2.o(.ARM.Collect$$rtentry$$0000000D)
    __rt_entry_postli_1                      0x0800016b   Thumb Code     0  __rtentry2.o(.ARM.Collect$$rtentry$$0000000C)
    __rt_exit                                0x08000173   Thumb Code     0  rtexit.o(.ARM.Collect$$rtexit$$00000000)
    __rt_exit_ls                             0x08000175   Thumb Code     0  rtexit2.o(.ARM.Collect$$rtexit$$00000003)
    __rt_exit_prels_1                        0x08000175   Thumb Code     0  rtexit2.o(.ARM.Collect$$rtexit$$00000002)
    __rt_exit_exit                           0x08000179   Thumb Code     0  rtexit2.o(.ARM.Collect$$rtexit$$00000004)
    __aeabi_memcpy4                          0x08000181   Thumb Code    56  rt_memcpy.o(.emb_text)
    __aeabi_memcpy8                          0x08000181   Thumb Code     0  rt_memcpy.o(.emb_text)
    Reset_Handler                            0x080001b9   Thumb Code     8  startup_stm32f072xb.o(.text)
    ADC1_COMP_IRQHandler                     0x080001cb   Thumb Code     0  startup_stm32f072xb.o(.text)
    CEC_CAN_IRQHandler                       0x080001cb   Thumb Code     0  startup_stm32f072xb.o(.text)
    DMA1_Channel1_IRQHandler                 0x080001cb   Thumb Code     0  startup_stm32f072xb.o(.text)
    EXTI0_1_IRQHandler                       0x080001cb   Thumb Code     0  startup_stm32f072xb.o(.text)
    EXTI2_3_IRQHandler                       0x080001cb   Thumb Code     0  startup_stm32f072xb.o(.text)
    EXTI4_15_IRQHandler                      0x080001cb   Thumb Code     0  startup_stm32f072xb.o(.text)
    FLASH_IRQHandler                         0x080001cb   Thumb Code     0  startup_stm32f072xb.o(.text)
    I2C1_IRQHandler                          0x080001cb   Thumb Code     0  startup_stm32f072xb.o(.text)
    I2C2_IRQHandler                          0x080001cb   Thumb Code     0  startup_stm32f072xb.o(.text)
    PVD_VDDIO2_IRQHandler                    0x080001cb   Thumb Code     0  startup_stm32f072xb.o(.text)
    RCC_CRS_IRQHandler                       0x080001cb   Thumb Code     0  startup_stm32f072xb.o(.text)
    RTC_IRQHandler                           0x080001cb   Thumb Code     0  startup_stm32f072xb.o(.text)
    SPI1_IRQHandler                          0x080001cb   Thumb Code     0  startup_stm32f072xb.o(.text)
    SPI2_IRQHandler                          0x080001cb   Thumb Code     0  startup_stm32f072xb.o(.text)
    TIM14_IRQHandler                         0x080001cb   Thumb Code     0  startup_stm32f072xb.o(.text)
    TIM15_IRQHandler                         0x080001cb   Thumb Code     0  startup_stm32f072xb.o(.text)
    TIM16_IRQHandler                         0x080001cb   Thumb Code     0  startup_stm32f072xb.o(.text)
    TIM17_IRQHandler                         0x080001cb   Thumb Code     0  startup_stm32f072xb.o(.text)
    TIM1_BRK_UP_TRG_COM_IRQHandler           0x080001cb   Thumb Code     0  startup_stm32f072xb.o(.text)
    TIM1_CC_IRQHandler                       0x080001cb   Thumb Code     0  startup_stm32f072xb.o(.text)
    TIM2_IRQHandler                          0x080001cb   Thumb Code     0  startup_stm32f072xb.o(.text)
    TIM3_IRQHandler                          0x080001cb   Thumb Code     0  startup_stm32f072xb.o(.text)
    TIM6_DAC_IRQHandler                      0x080001cb   Thumb Code     0  startup_stm32f072xb.o(.text)
    TIM7_IRQHandler                          0x080001cb   Thumb Code     0  startup_stm32f072xb.o(.text)
    TSC_IRQHandler                           0x080001cb   Thumb Code     0  startup_stm32f072xb.o(.text)
    USART1_IRQHandler                        0x080001cb   Thumb Code     0  startup_stm32f072xb.o(.text)
    USART2_IRQHandler                        0x080001cb   Thumb Code     0  startup_stm32f072xb.o(.text)
    USART3_4_IRQHandler                      0x080001cb   Thumb Code     0  startup_stm32f072xb.o(.text)
    USB_IRQHandler                           0x080001cb   Thumb Code     0  startup_stm32f072xb.o(.text)
    WWDG_IRQHandler                          0x080001cb   Thumb Code     0  startup_stm32f072xb.o(.text)
    __user_initial_stackheap                 0x080001cd   Thumb Code     0  startup_stm32f072xb.o(.text)
    strlen                                   0x080001f1   Thumb Code    62  strlen.o(.text)
    __aeabi_memcpy                           0x08000235   Thumb Code   130  rt_memcpy.o(.text)
    __rt_memcpy                              0x08000235   Thumb Code     0  rt_memcpy.o(.text)
    _memset_w                                0x080002b7   Thumb Code    26  rt_memclr.o(.text)
    _memset                                  0x080002d1   Thumb Code    30  rt_memclr.o(.text)
    __aeabi_memclr                           0x080002ef   Thumb Code     4  rt_memclr.o(.text)
    __rt_memclr                              0x080002ef   Thumb Code     0  rt_memclr.o(.text)
    __aeabi_memclr4                          0x080002f3   Thumb Code     0  rt_memclr.o(.text)
    __aeabi_memclr8                          0x080002f3   Thumb Code     0  rt_memclr.o(.text)
    __rt_memclr_w                            0x080002f3   Thumb Code     4  rt_memclr.o(.text)
    __use_two_region_memory                  0x080002f7   Thumb Code     2  heapauxi.o(.text)
    __rt_heap_escrow$2region                 0x080002f9   Thumb Code     2  heapauxi.o(.text)
    __rt_heap_expand$2region                 0x080002fb   Thumb Code     2  heapauxi.o(.text)
    __aeabi_d2f                              0x080002fd   Thumb Code     0  d2f.o(.text)
    __truncdfsf2                             0x080002fd   Thumb Code     0  d2f.o(.text)
    _d2f                                     0x080002fd   Thumb Code   120  d2f.o(.text)
    __adddf3                                 0x08000671   Thumb Code     0  daddsub.o(.text)
    __aeabi_dadd                             0x08000671   Thumb Code     0  daddsub.o(.text)
    _dadd                                    0x08000671   Thumb Code    26  daddsub.o(.text)
    __aeabi_dsub                             0x0800068b   Thumb Code     0  daddsub.o(.text)
    __subdf3                                 0x0800068b   Thumb Code     0  daddsub.o(.text)
    _dsub                                    0x0800068b   Thumb Code    22  daddsub.o(.text)
    __aeabi_drsub                            0x080006a1   Thumb Code     0  daddsub.o(.text)
    _drsb                                    0x080006a1   Thumb Code    28  daddsub.o(.text)
    __aeabi_ddiv                             0x080006d1   Thumb Code     0  ddiv.o(.text)
    __divdf3                                 0x080006d1   Thumb Code     0  ddiv.o(.text)
    _ddiv                                    0x080006d1   Thumb Code  1072  ddiv.o(.text)
    _drdiv                                   0x08000b01   Thumb Code    20  ddiv.o(.text)
    __aeabi_i2d_normalise                    0x08000b19   Thumb Code    66  dflti.o(.text)
    __aeabi_i2d                              0x08000b5b   Thumb Code    16  dflti.o(.text)
    _dflt                                    0x08000b5b   Thumb Code     0  dflti.o(.text)
    __aeabi_ui2d                             0x08000b6b   Thumb Code     6  dflti.o(.text)
    _dfltu                                   0x08000b6b   Thumb Code     0  dflti.o(.text)
    __aeabi_f2iz                             0x08000b71   Thumb Code     0  ffixi.o(.text)
    _ffix                                    0x08000b71   Thumb Code    76  ffixi.o(.text)
    __user_setup_stackheap                   0x08000bbd   Thumb Code    62  sys_stackheap_outer.o(.text)
    exit                                     0x08000bfb   Thumb Code    16  exit.o(.text)
    __user_libspace                          0x08000c0d   Thumb Code     8  libspace.o(.text)
    __user_perproc_libspace                  0x08000c0d   Thumb Code     0  libspace.o(.text)
    __user_perthread_libspace                0x08000c0d   Thumb Code     0  libspace.o(.text)
    _sys_exit                                0x08000c15   Thumb Code     8  sys_exit.o(.text)
    __I$use$semihosting                      0x08000c21   Thumb Code     0  use_no_semi.o(.text)
    __use_no_semihosting_swi                 0x08000c21   Thumb Code     2  use_no_semi.o(.text)
    __semihosting_library_function           0x08000c23   Thumb Code     0  indicate_semi.o(.text)
    DMA1_Channel2_3_IRQHandler               0x08000c25   Thumb Code    12  stm32f0xx_it.o(.text.DMA1_Channel2_3_IRQHandler)
    DMA1_Channel4_5_6_7_IRQHandler           0x08000c35   Thumb Code    12  stm32f0xx_it.o(.text.DMA1_Channel4_5_6_7_IRQHandler)
    Error_Handler                            0x08000c45   Thumb Code     8  main.o(.text.Error_Handler)
    HAL_CAN_AddTxMessage                     0x08000c4d   Thumb Code   162  stm32f0xx_hal_can.o(.text.HAL_CAN_AddTxMessage)
    HAL_CAN_ConfigFilter                     0x08000cef   Thumb Code   238  stm32f0xx_hal_can.o(.text.HAL_CAN_ConfigFilter)
    HAL_CAN_GetRxFifoFillLevel               0x08000ddd   Thumb Code    34  stm32f0xx_hal_can.o(.text.HAL_CAN_GetRxFifoFillLevel)
    HAL_CAN_GetRxMessage                     0x08000dff   Thumb Code   242  stm32f0xx_hal_can.o(.text.HAL_CAN_GetRxMessage)
    HAL_CAN_Init                             0x08000ef1   Thumb Code   276  stm32f0xx_hal_can.o(.text.HAL_CAN_Init)
    HAL_CAN_MspInit                          0x08001005   Thumb Code    96  stm32f0xx_hal_msp.o(.text.HAL_CAN_MspInit)
    HAL_CAN_Start                            0x08001071   Thumb Code    98  stm32f0xx_hal_can.o(.text.HAL_CAN_Start)
    HAL_DMA_Abort                            0x080010d3   Thumb Code    62  stm32f0xx_hal_dma.o(.text.HAL_DMA_Abort)
    HAL_DMA_GetError                         0x08001111   Thumb Code     4  stm32f0xx_hal_dma.o(.text.HAL_DMA_GetError)
    HAL_DMA_IRQHandler                       0x08001115   Thumb Code   210  stm32f0xx_hal_dma.o(.text.HAL_DMA_IRQHandler)
    HAL_DMA_Init                             0x080011e9   Thumb Code   116  stm32f0xx_hal_dma.o(.text.HAL_DMA_Init)
    HAL_DMA_Start_IT                         0x08001269   Thumb Code   130  stm32f0xx_hal_dma.o(.text.HAL_DMA_Start_IT)
    HAL_Delay                                0x080012ed   Thumb Code    32  stm32f0xx_hal.o(.text.HAL_Delay)
    HAL_GPIO_Init                            0x0800130d   Thumb Code   400  stm32f0xx_hal_gpio.o(.text.HAL_GPIO_Init)
    HAL_GPIO_ReadPin                         0x080014a9   Thumb Code    10  stm32f0xx_hal_gpio.o(.text.HAL_GPIO_ReadPin)
    HAL_GPIO_WritePin                        0x080014b3   Thumb Code    16  stm32f0xx_hal_gpio.o(.text.HAL_GPIO_WritePin)
    HAL_GetTick                              0x080014c5   Thumb Code     8  stm32f0xx_hal.o(.text.HAL_GetTick)
    HAL_IncTick                              0x080014cd   Thumb Code    16  stm32f0xx_hal.o(.text.HAL_IncTick)
    HAL_Init                                 0x080014e1   Thumb Code    28  stm32f0xx_hal.o(.text.HAL_Init)
    HAL_InitTick                             0x08001501   Thumb Code    60  stm32f0xx_hal.o(.text.HAL_InitTick)
    HAL_MspInit                              0x08001545   Thumb Code    40  stm32f0xx_hal_msp.o(.text.HAL_MspInit)
    HAL_NVIC_EnableIRQ                       0x08001571   Thumb Code    20  stm32f0xx_hal_cortex.o(.text.HAL_NVIC_EnableIRQ)
    HAL_NVIC_SetPriority                     0x08001589   Thumb Code    48  stm32f0xx_hal_cortex.o(.text.HAL_NVIC_SetPriority)
    HAL_PCDEx_ActivateLPM                    0x080015c1   Thumb Code    38  stm32f0xx_hal_pcd_ex.o(.text.HAL_PCDEx_ActivateLPM)
    HAL_PCD_DeInit                           0x080015e9   Thumb Code    48  stm32f0xx_hal_pcd.o(.text.HAL_PCD_DeInit)
    HAL_PCD_Init                             0x0800161d   Thumb Code   592  stm32f0xx_hal_pcd.o(.text.HAL_PCD_Init)
    HAL_PCD_MspDeInit                        0x0800186d   Thumb Code    24  stm32f0xx_hal_msp.o(.text.HAL_PCD_MspDeInit)
    HAL_PCD_MspInit                          0x08001885   Thumb Code    40  stm32f0xx_hal_msp.o(.text.HAL_PCD_MspInit)
    HAL_RCCEx_PeriphCLKConfig                0x080018b5   Thumb Code   316  stm32f0xx_hal_rcc_ex.o(.text.HAL_RCCEx_PeriphCLKConfig)
    HAL_RCC_ClockConfig                      0x080019fd   Thumb Code   344  stm32f0xx_hal_rcc.o(.text.HAL_RCC_ClockConfig)
    HAL_RCC_GetPCLK1Freq                     0x08001b61   Thumb Code    20  stm32f0xx_hal_rcc.o(.text.HAL_RCC_GetPCLK1Freq)
    HAL_RCC_GetSysClockFreq                  0x08001b7d   Thumb Code    76  stm32f0xx_hal_rcc.o(.text.HAL_RCC_GetSysClockFreq)
    HAL_RCC_OscConfig                        0x08001bdd   Thumb Code  1164  stm32f0xx_hal_rcc.o(.text.HAL_RCC_OscConfig)
    HAL_SYSTICK_Config                       0x08002071   Thumb Code    40  stm32f0xx_hal_cortex.o(.text.HAL_SYSTICK_Config)
    HAL_TIMEx_ConfigBreakDeadTime            0x080020a5   Thumb Code    90  stm32f0xx_hal_tim_ex.o(.text.HAL_TIMEx_ConfigBreakDeadTime)
    HAL_TIMEx_MasterConfigSynchronization    0x08002101   Thumb Code    92  stm32f0xx_hal_tim_ex.o(.text.HAL_TIMEx_MasterConfigSynchronization)
    HAL_TIM_Base_Init                        0x0800215d   Thumb Code   228  stm32f0xx_hal_tim.o(.text.HAL_TIM_Base_Init)
    HAL_TIM_Base_MspInit                     0x0800225d   Thumb Code    92  stm32f0xx_hal_msp.o(.text.HAL_TIM_Base_MspInit)
    HAL_TIM_ConfigClockSource                0x080022bd   Thumb Code   344  stm32f0xx_hal_tim.o(.text.HAL_TIM_ConfigClockSource)
    HAL_TIM_MspPostInit                      0x08002419   Thumb Code   196  stm32f0xx_hal_msp.o(.text.HAL_TIM_MspPostInit)
    HAL_TIM_PWM_ConfigChannel                0x080024ed   Thumb Code   648  stm32f0xx_hal_tim.o(.text.HAL_TIM_PWM_ConfigChannel)
    HAL_TIM_PWM_Init                         0x0800277d   Thumb Code   228  stm32f0xx_hal_tim.o(.text.HAL_TIM_PWM_Init)
    HAL_TIM_PWM_MspInit                      0x08002875   Thumb Code     2  stm32f0xx_hal_tim.o(.text.HAL_TIM_PWM_MspInit)
    HAL_TIM_PWM_Start                        0x08002879   Thumb Code   188  stm32f0xx_hal_tim.o(.text.HAL_TIM_PWM_Start)
    HAL_UARTEx_RxEventCallback               0x08002949   Thumb Code     2  stm32f0xx_hal_uart.o(.text.HAL_UARTEx_RxEventCallback)
    HAL_UART_DMAStop                         0x0800294b   Thumb Code   258  stm32f0xx_hal_uart.o(.text.HAL_UART_DMAStop)
    HAL_UART_ErrorCallback                   0x08002a4d   Thumb Code     2  stm32f0xx_hal_uart.o(.text.HAL_UART_ErrorCallback)
    HAL_UART_Init                            0x08002a4f   Thumb Code   110  stm32f0xx_hal_uart.o(.text.HAL_UART_Init)
    HAL_UART_MspInit                         0x08002abd   Thumb Code   212  stm32f0xx_hal_msp.o(.text.HAL_UART_MspInit)
    HAL_UART_Receive_DMA                     0x08002bad   Thumb Code   264  stm32f0xx_hal_uart.o(.text.HAL_UART_Receive_DMA)
    HAL_UART_RxCpltCallback                  0x08002cc1   Thumb Code     2  stm32f0xx_hal_uart.o(.text.HAL_UART_RxCpltCallback)
    HAL_UART_RxHalfCpltCallback              0x08002cc3   Thumb Code     2  stm32f0xx_hal_uart.o(.text.HAL_UART_RxHalfCpltCallback)
    HardFault_Handler                        0x08002cc5   Thumb Code     2  stm32f0xx_it.o(.text.HardFault_Handler)
    NMI_Handler                              0x08002cc7   Thumb Code     2  stm32f0xx_it.o(.text.NMI_Handler)
    PendSV_Handler                           0x08002cc9   Thumb Code     2  stm32f0xx_it.o(.text.PendSV_Handler)
    SVC_Handler                              0x08002ccb   Thumb Code     2  stm32f0xx_it.o(.text.SVC_Handler)
    SysTick_Handler                          0x08002ccd   Thumb Code     8  stm32f0xx_it.o(.text.SysTick_Handler)
    SystemInit                               0x08002cd5   Thumb Code     2  system_stm32f0xx.o(.text.SystemInit)
    UART_AdvFeatureConfig                    0x08002cd7   Thumb Code   210  stm32f0xx_hal_uart.o(.text.UART_AdvFeatureConfig)
    UART_CheckIdleState                      0x08002da9   Thumb Code   204  stm32f0xx_hal_uart.o(.text.UART_CheckIdleState)
    UART_SetConfig                           0x08002fe5   Thumb Code   296  stm32f0xx_hal_uart.o(.text.UART_SetConfig)
    UART_WaitOnFlagUntilTimeout              0x08003135   Thumb Code   444  stm32f0xx_hal_uart.o(.text.UART_WaitOnFlagUntilTimeout)
    USB_DevInit                              0x080032f1   Thumb Code    20  stm32f0xx_ll_usb.o(.text.USB_DevInit)
    USB_DisableGlobalInt                     0x08003305   Thumb Code    16  stm32f0xx_ll_usb.o(.text.USB_DisableGlobalInt)
    USB_StopDevice                           0x08003319   Thumb Code    22  stm32f0xx_ll_usb.o(.text.USB_StopDevice)
    main                                     0x08003331   Thumb Code  2896  main.o(.text.main)
    __aeabi_uidiv                            0x08003ed9   Thumb Code    68  aeabi_sdivfast.o(.text_divfast)
    __aeabi_idiv                             0x08003f1d   Thumb Code   434  aeabi_sdivfast.o(.text_divfast)
    __I$use$fp                               0x080040ce   Number         0  usenofp.o(x$fpl$usenofp)
    AHBPrescTable                            0x0800414e   Data          16  system_stm32f0xx.o(.rodata.AHBPrescTable)
    APBPrescTable                            0x0800415e   Data           8  system_stm32f0xx.o(.rodata.APBPrescTable)
    Region$$Table$$Base                      0x08004198   Number         0  anon$$obj.o(Region$$Table)
    Region$$Table$$Limit                     0x080041b8   Number         0  anon$$obj.o(Region$$Table)
    uwTickFreq                               0x20000000   Data           1  stm32f0xx_hal.o(.data..L_MergedGlobals)
    uwTickPrio                               0x20000004   Data           4  stm32f0xx_hal.o(.data..L_MergedGlobals)
    SystemCoreClock                          0x20000008   Data           4  system_stm32f0xx.o(.data.SystemCoreClock)
    __libspace_start                         0x20000010   Data          96  libspace.o(.bss)
    CAN_response_length                      0x20000070   Data           2  main.o(.bss..L_MergedGlobals)
    __temporary_stack_top$libspace           0x20000070   Data           0  libspace.o(.bss)
    CAN_RxFifo                               0x20000074   Data           4  main.o(.bss..L_MergedGlobals)
    CAN_RxData                               0x20000078   Data           8  main.o(.bss..L_MergedGlobals)
    CAN_TxHeader                             0x20000080   Data          24  main.o(.bss..L_MergedGlobals)
    CAN_RxHeader                             0x20000098   Data          28  main.o(.bss..L_MergedGlobals)
    hcan                                     0x200000b4   Data          40  main.o(.bss..L_MergedGlobals)
    CAN_response_data                        0x200000dc   Data         250  main.o(.bss.CAN_response_data)
    UART1_RxData                             0x200001d6   Data         200  main.o(.bss.UART1_RxData)
    UART2_RxData                             0x2000029e   Data         200  main.o(.bss.UART2_RxData)
    hdma_usart1_rx                           0x20000368   Data          68  main.o(.bss.hdma_usart1_rx)
    hdma_usart2_rx                           0x200003ac   Data          68  main.o(.bss.hdma_usart2_rx)
    hpcd_USB_FS                              0x200003f0   Data         732  main.o(.bss.hpcd_USB_FS)
    htim1                                    0x200006cc   Data          72  main.o(.bss.htim1)
    htim2                                    0x20000714   Data          72  main.o(.bss.htim2)
    htim3                                    0x2000075c   Data          72  main.o(.bss.htim3)
    huart1                                   0x200007a4   Data         136  main.o(.bss.huart1)
    huart2                                   0x2000082c   Data         136  main.o(.bss.huart2)
    uwTick                                   0x200008b4   Data           4  stm32f0xx_hal.o(.bss.uwTick)



==============================================================================

Memory Map of the image

  Image Entry point : 0x080000c1

  Load Region LR_IROM1 (Base: 0x08000000, Size: 0x000041c8, Max: 0x00010000, ABSOLUTE)

    Execution Region ER_IROM1 (Exec base: 0x08000000, Load base: 0x08000000, Size: 0x000041b8, Max: 0x00010000, ABSOLUTE)

    Exec Addr    Load Addr    Size         Type   Attr      Idx    E Section Name        Object

    0x08000000   0x08000000   0x000000c0   Data   RO            3    RESET               startup_stm32f072xb.o
    0x080000c0   0x080000c0   0x00000008   Code   RO         1373  * !!!main             c_p.l(__main.o)
    0x080000c8   0x080000c8   0x00000054   Code   RO         1562    !!!scatter          c_p.l(__scatter.o)
    0x0800011c   0x0800011c   0x0000001a   Code   RO         1566    !!handler_copy      c_p.l(__scatter_copy.o)
    0x08000136   0x08000136   0x00000002   PAD
    0x08000138   0x08000138   0x00000002   Code   RO         1563    !!handler_null      c_p.l(__scatter.o)
    0x0800013a   0x0800013a   0x00000002   PAD
    0x0800013c   0x0800013c   0x0000001c   Code   RO         1568    !!handler_zi        c_p.l(__scatter_zi.o)
    0x08000158   0x08000158   0x00000002   Code   RO         1423    .ARM.Collect$$libinit$$00000000  c_p.l(libinit.o)
    0x0800015a   0x0800015a   0x00000000   Code   RO         1437    .ARM.Collect$$libinit$$00000002  c_p.l(libinit2.o)
    0x0800015a   0x0800015a   0x00000000   Code   RO         1439    .ARM.Collect$$libinit$$00000004  c_p.l(libinit2.o)
    0x0800015a   0x0800015a   0x00000000   Code   RO         1441    .ARM.Collect$$libinit$$00000006  c_p.l(libinit2.o)
    0x0800015a   0x0800015a   0x00000000   Code   RO         1444    .ARM.Collect$$libinit$$0000000C  c_p.l(libinit2.o)
    0x0800015a   0x0800015a   0x00000000   Code   RO         1446    .ARM.Collect$$libinit$$0000000E  c_p.l(libinit2.o)
    0x0800015a   0x0800015a   0x00000000   Code   RO         1448    .ARM.Collect$$libinit$$00000010  c_p.l(libinit2.o)
    0x0800015a   0x0800015a   0x00000000   Code   RO         1451    .ARM.Collect$$libinit$$00000013  c_p.l(libinit2.o)
    0x0800015a   0x0800015a   0x00000000   Code   RO         1453    .ARM.Collect$$libinit$$00000015  c_p.l(libinit2.o)
    0x0800015a   0x0800015a   0x00000000   Code   RO         1455    .ARM.Collect$$libinit$$00000017  c_p.l(libinit2.o)
    0x0800015a   0x0800015a   0x00000000   Code   RO         1457    .ARM.Collect$$libinit$$00000019  c_p.l(libinit2.o)
    0x0800015a   0x0800015a   0x00000000   Code   RO         1459    .ARM.Collect$$libinit$$0000001B  c_p.l(libinit2.o)
    0x0800015a   0x0800015a   0x00000000   Code   RO         1461    .ARM.Collect$$libinit$$0000001D  c_p.l(libinit2.o)
    0x0800015a   0x0800015a   0x00000000   Code   RO         1463    .ARM.Collect$$libinit$$0000001F  c_p.l(libinit2.o)
    0x0800015a   0x0800015a   0x00000000   Code   RO         1465    .ARM.Collect$$libinit$$00000021  c_p.l(libinit2.o)
    0x0800015a   0x0800015a   0x00000000   Code   RO         1467    .ARM.Collect$$libinit$$00000023  c_p.l(libinit2.o)
    0x0800015a   0x0800015a   0x00000000   Code   RO         1469    .ARM.Collect$$libinit$$00000025  c_p.l(libinit2.o)
    0x0800015a   0x0800015a   0x00000000   Code   RO         1471    .ARM.Collect$$libinit$$00000027  c_p.l(libinit2.o)
    0x0800015a   0x0800015a   0x00000000   Code   RO         1475    .ARM.Collect$$libinit$$0000002E  c_p.l(libinit2.o)
    0x0800015a   0x0800015a   0x00000000   Code   RO         1477    .ARM.Collect$$libinit$$00000030  c_p.l(libinit2.o)
    0x0800015a   0x0800015a   0x00000000   Code   RO         1479    .ARM.Collect$$libinit$$00000032  c_p.l(libinit2.o)
    0x0800015a   0x0800015a   0x00000000   Code   RO         1481    .ARM.Collect$$libinit$$00000034  c_p.l(libinit2.o)
    0x0800015a   0x0800015a   0x00000002   Code   RO         1482    .ARM.Collect$$libinit$$00000035  c_p.l(libinit2.o)
    0x0800015c   0x0800015c   0x00000002   Code   RO         1517    .ARM.Collect$$libshutdown$$00000000  c_p.l(libshutdown.o)
    0x0800015e   0x0800015e   0x00000000   Code   RO         1545    .ARM.Collect$$libshutdown$$00000002  c_p.l(libshutdown2.o)
    0x0800015e   0x0800015e   0x00000000   Code   RO         1547    .ARM.Collect$$libshutdown$$00000004  c_p.l(libshutdown2.o)
    0x0800015e   0x0800015e   0x00000000   Code   RO         1550    .ARM.Collect$$libshutdown$$00000007  c_p.l(libshutdown2.o)
    0x0800015e   0x0800015e   0x00000000   Code   RO         1553    .ARM.Collect$$libshutdown$$0000000A  c_p.l(libshutdown2.o)
    0x0800015e   0x0800015e   0x00000000   Code   RO         1555    .ARM.Collect$$libshutdown$$0000000C  c_p.l(libshutdown2.o)
    0x0800015e   0x0800015e   0x00000000   Code   RO         1558    .ARM.Collect$$libshutdown$$0000000F  c_p.l(libshutdown2.o)
    0x0800015e   0x0800015e   0x00000002   Code   RO         1559    .ARM.Collect$$libshutdown$$00000010  c_p.l(libshutdown2.o)
    0x08000160   0x08000160   0x00000000   Code   RO         1386    .ARM.Collect$$rtentry$$00000000  c_p.l(__rtentry.o)
    0x08000160   0x08000160   0x00000000   Code   RO         1393    .ARM.Collect$$rtentry$$00000002  c_p.l(__rtentry2.o)
    0x08000160   0x08000160   0x00000006   Code   RO         1405    .ARM.Collect$$rtentry$$00000004  c_p.l(__rtentry4.o)
    0x08000166   0x08000166   0x00000000   Code   RO         1395    .ARM.Collect$$rtentry$$00000009  c_p.l(__rtentry2.o)
    0x08000166   0x08000166   0x00000004   Code   RO         1396    .ARM.Collect$$rtentry$$0000000A  c_p.l(__rtentry2.o)
    0x0800016a   0x0800016a   0x00000000   Code   RO         1398    .ARM.Collect$$rtentry$$0000000C  c_p.l(__rtentry2.o)
    0x0800016a   0x0800016a   0x00000008   Code   RO         1399    .ARM.Collect$$rtentry$$0000000D  c_p.l(__rtentry2.o)
    0x08000172   0x08000172   0x00000002   Code   RO         1428    .ARM.Collect$$rtexit$$00000000  c_p.l(rtexit.o)
    0x08000174   0x08000174   0x00000000   Code   RO         1488    .ARM.Collect$$rtexit$$00000002  c_p.l(rtexit2.o)
    0x08000174   0x08000174   0x00000004   Code   RO         1489    .ARM.Collect$$rtexit$$00000003  c_p.l(rtexit2.o)
    0x08000178   0x08000178   0x00000006   Code   RO         1490    .ARM.Collect$$rtexit$$00000004  c_p.l(rtexit2.o)
    0x0800017e   0x0800017e   0x00000002   PAD
    0x08000180   0x08000180   0x00000038   Code   RO         1357    .emb_text           c_p.l(rt_memcpy.o)
    0x080001b8   0x080001b8   0x00000038   Code   RO            4    .text               startup_stm32f072xb.o
    0x080001f0   0x080001f0   0x00000044   Code   RO         1355    .text               c_p.l(strlen.o)
    0x08000234   0x08000234   0x00000082   Code   RO         1358    .text               c_p.l(rt_memcpy.o)
    0x080002b6   0x080002b6   0x00000040   Code   RO         1361    .text               c_p.l(rt_memclr.o)
    0x080002f6   0x080002f6   0x00000006   Code   RO         1371    .text               c_p.l(heapauxi.o)
    0x080002fc   0x080002fc   0x0000007c   Code   RO         1375    .text               fz_ps.l(d2f.o)
    0x08000378   0x08000378   0x00000358   Code   RO         1377    .text               fz_ps.l(daddsub.o)
    0x080006d0   0x080006d0   0x00000448   Code   RO         1379    .text               fz_ps.l(ddiv.o)
    0x08000b18   0x08000b18   0x00000058   Code   RO         1382    .text               fz_ps.l(dflti.o)
    0x08000b70   0x08000b70   0x0000004c   Code   RO         1384    .text               fz_ps.l(ffixi.o)
    0x08000bbc   0x08000bbc   0x0000003e   Code   RO         1409    .text               c_p.l(sys_stackheap_outer.o)
    0x08000bfa   0x08000bfa   0x00000010   Code   RO         1412    .text               c_p.l(exit.o)
    0x08000c0a   0x08000c0a   0x00000002   PAD
    0x08000c0c   0x08000c0c   0x00000008   Code   RO         1424    .text               c_p.l(libspace.o)
    0x08000c14   0x08000c14   0x0000000c   Code   RO         1483    .text               c_p.l(sys_exit.o)
    0x08000c20   0x08000c20   0x00000002   Code   RO         1506    .text               c_p.l(use_no_semi.o)
    0x08000c22   0x08000c22   0x00000000   Code   RO         1508    .text               c_p.l(indicate_semi.o)
    0x08000c22   0x08000c22   0x00000002   PAD
    0x08000c24   0x08000c24   0x00000010   Code   RO           64    .text.DMA1_Channel2_3_IRQHandler  stm32f0xx_it.o
    0x08000c34   0x08000c34   0x00000010   Code   RO           66    .text.DMA1_Channel4_5_6_7_IRQHandler  stm32f0xx_it.o
    0x08000c44   0x08000c44   0x00000008   Code   RO           29    .text.Error_Handler  main.o
    0x08000c4c   0x08000c4c   0x000000a2   Code   RO          175    .text.HAL_CAN_AddTxMessage  stm32f0xx_hal_can.o
    0x08000cee   0x08000cee   0x000000ee   Code   RO          165    .text.HAL_CAN_ConfigFilter  stm32f0xx_hal_can.o
    0x08000ddc   0x08000ddc   0x00000022   Code   RO          187    .text.HAL_CAN_GetRxFifoFillLevel  stm32f0xx_hal_can.o
    0x08000dfe   0x08000dfe   0x000000f2   Code   RO          185    .text.HAL_CAN_GetRxMessage  stm32f0xx_hal_can.o
    0x08000ef0   0x08000ef0   0x00000114   Code   RO          155    .text.HAL_CAN_Init  stm32f0xx_hal_can.o
    0x08001004   0x08001004   0x0000006c   Code   RO           77    .text.HAL_CAN_MspInit  stm32f0xx_hal_msp.o
    0x08001070   0x08001070   0x00000062   Code   RO          167    .text.HAL_CAN_Start  stm32f0xx_hal_can.o
    0x080010d2   0x080010d2   0x0000003e   Code   RO          564    .text.HAL_DMA_Abort  stm32f0xx_hal_dma.o
    0x08001110   0x08001110   0x00000004   Code   RO          578    .text.HAL_DMA_GetError  stm32f0xx_hal_dma.o
    0x08001114   0x08001114   0x000000d2   Code   RO          570    .text.HAL_DMA_IRQHandler  stm32f0xx_hal_dma.o
    0x080011e6   0x080011e6   0x00000002   PAD
    0x080011e8   0x080011e8   0x00000080   Code   RO          556    .text.HAL_DMA_Init  stm32f0xx_hal_dma.o
    0x08001268   0x08001268   0x00000082   Code   RO          562    .text.HAL_DMA_Start_IT  stm32f0xx_hal_dma.o
    0x080012ea   0x080012ea   0x00000002   PAD
    0x080012ec   0x080012ec   0x00000020   Code   RO          322    .text.HAL_Delay     stm32f0xx_hal.o
    0x0800130c   0x0800130c   0x0000019c   Code   RO          532    .text.HAL_GPIO_Init  stm32f0xx_hal_gpio.o
    0x080014a8   0x080014a8   0x0000000a   Code   RO          536    .text.HAL_GPIO_ReadPin  stm32f0xx_hal_gpio.o
    0x080014b2   0x080014b2   0x00000010   Code   RO          538    .text.HAL_GPIO_WritePin  stm32f0xx_hal_gpio.o
    0x080014c2   0x080014c2   0x00000002   PAD
    0x080014c4   0x080014c4   0x00000008   Code   RO          314    .text.HAL_GetTick   stm32f0xx_hal.o
    0x080014cc   0x080014cc   0x00000014   Code   RO          312    .text.HAL_IncTick   stm32f0xx_hal.o
    0x080014e0   0x080014e0   0x00000020   Code   RO          302    .text.HAL_Init      stm32f0xx_hal.o
    0x08001500   0x08001500   0x00000044   Code   RO          304    .text.HAL_InitTick  stm32f0xx_hal.o
    0x08001544   0x08001544   0x0000002c   Code   RO           75    .text.HAL_MspInit   stm32f0xx_hal_msp.o
    0x08001570   0x08001570   0x00000018   Code   RO          590    .text.HAL_NVIC_EnableIRQ  stm32f0xx_hal_cortex.o
    0x08001588   0x08001588   0x00000038   Code   RO          588    .text.HAL_NVIC_SetPriority  stm32f0xx_hal_cortex.o
    0x080015c0   0x080015c0   0x00000026   Code   RO         1325    .text.HAL_PCDEx_ActivateLPM  stm32f0xx_hal_pcd_ex.o
    0x080015e6   0x080015e6   0x00000002   PAD
    0x080015e8   0x080015e8   0x00000034   Code   RO         1245    .text.HAL_PCD_DeInit  stm32f0xx_hal_pcd.o
    0x0800161c   0x0800161c   0x00000250   Code   RO         1241    .text.HAL_PCD_Init  stm32f0xx_hal_pcd.o
    0x0800186c   0x0800186c   0x00000018   Code   RO           93    .text.HAL_PCD_MspDeInit  stm32f0xx_hal_msp.o
    0x08001884   0x08001884   0x00000030   Code   RO           91    .text.HAL_PCD_MspInit  stm32f0xx_hal_msp.o
    0x080018b4   0x080018b4   0x00000148   Code   RO          270    .text.HAL_RCCEx_PeriphCLKConfig  stm32f0xx_hal_rcc_ex.o
    0x080019fc   0x080019fc   0x00000164   Code   RO          239    .text.HAL_RCC_ClockConfig  stm32f0xx_hal_rcc.o
    0x08001b60   0x08001b60   0x0000001c   Code   RO          251    .text.HAL_RCC_GetPCLK1Freq  stm32f0xx_hal_rcc.o
    0x08001b7c   0x08001b7c   0x00000060   Code   RO          241    .text.HAL_RCC_GetSysClockFreq  stm32f0xx_hal_rcc.o
    0x08001bdc   0x08001bdc   0x00000494   Code   RO          237    .text.HAL_RCC_OscConfig  stm32f0xx_hal_rcc.o
    0x08002070   0x08002070   0x00000034   Code   RO          596    .text.HAL_SYSTICK_Config  stm32f0xx_hal_cortex.o
    0x080020a4   0x080020a4   0x0000005a   Code   RO         1056    .text.HAL_TIMEx_ConfigBreakDeadTime  stm32f0xx_hal_tim_ex.o
    0x080020fe   0x080020fe   0x00000002   PAD
    0x08002100   0x08002100   0x0000005c   Code   RO         1054    .text.HAL_TIMEx_MasterConfigSynchronization  stm32f0xx_hal_tim_ex.o
    0x0800215c   0x0800215c   0x00000100   Code   RO          759    .text.HAL_TIM_Base_Init  stm32f0xx_hal_tim.o
    0x0800225c   0x0800225c   0x00000060   Code   RO           81    .text.HAL_TIM_Base_MspInit  stm32f0xx_hal_msp.o
    0x080022bc   0x080022bc   0x0000015c   Code   RO          939    .text.HAL_TIM_ConfigClockSource  stm32f0xx_hal_tim.o
    0x08002418   0x08002418   0x000000d4   Code   RO           83    .text.HAL_TIM_MspPostInit  stm32f0xx_hal_msp.o
    0x080024ec   0x080024ec   0x00000290   Code   RO          913    .text.HAL_TIM_PWM_ConfigChannel  stm32f0xx_hal_tim.o
    0x0800277c   0x0800277c   0x000000f8   Code   RO          813    .text.HAL_TIM_PWM_Init  stm32f0xx_hal_tim.o
    0x08002874   0x08002874   0x00000002   Code   RO          815    .text.HAL_TIM_PWM_MspInit  stm32f0xx_hal_tim.o
    0x08002876   0x08002876   0x00000002   PAD
    0x08002878   0x08002878   0x000000d0   Code   RO          821    .text.HAL_TIM_PWM_Start  stm32f0xx_hal_tim.o
    0x08002948   0x08002948   0x00000002   Code   RO         1164    .text.HAL_UARTEx_RxEventCallback  stm32f0xx_hal_uart.o
    0x0800294a   0x0800294a   0x00000102   Code   RO         1130    .text.HAL_UART_DMAStop  stm32f0xx_hal_uart.o
    0x08002a4c   0x08002a4c   0x00000002   Code   RO         1162    .text.HAL_UART_ErrorCallback  stm32f0xx_hal_uart.o
    0x08002a4e   0x08002a4e   0x0000006e   Code   RO         1078    .text.HAL_UART_Init  stm32f0xx_hal_uart.o
    0x08002abc   0x08002abc   0x000000f0   Code   RO           87    .text.HAL_UART_MspInit  stm32f0xx_hal_msp.o
    0x08002bac   0x08002bac   0x00000114   Code   RO         1122    .text.HAL_UART_Receive_DMA  stm32f0xx_hal_uart.o
    0x08002cc0   0x08002cc0   0x00000002   Code   RO         1170    .text.HAL_UART_RxCpltCallback  stm32f0xx_hal_uart.o
    0x08002cc2   0x08002cc2   0x00000002   Code   RO         1172    .text.HAL_UART_RxHalfCpltCallback  stm32f0xx_hal_uart.o
    0x08002cc4   0x08002cc4   0x00000002   Code   RO           56    .text.HardFault_Handler  stm32f0xx_it.o
    0x08002cc6   0x08002cc6   0x00000002   Code   RO           54    .text.NMI_Handler   stm32f0xx_it.o
    0x08002cc8   0x08002cc8   0x00000002   Code   RO           60    .text.PendSV_Handler  stm32f0xx_it.o
    0x08002cca   0x08002cca   0x00000002   Code   RO           58    .text.SVC_Handler   stm32f0xx_it.o
    0x08002ccc   0x08002ccc   0x00000008   Code   RO           62    .text.SysTick_Handler  stm32f0xx_it.o
    0x08002cd4   0x08002cd4   0x00000002   Code   RO         1339    .text.SystemInit    system_stm32f0xx.o
    0x08002cd6   0x08002cd6   0x000000d2   Code   RO         1082    .text.UART_AdvFeatureConfig  stm32f0xx_hal_uart.o
    0x08002da8   0x08002da8   0x000000d0   Code   RO         1086    .text.UART_CheckIdleState  stm32f0xx_hal_uart.o
    0x08002e78   0x08002e78   0x000000b2   Code   RO         1120    .text.UART_DMAError  stm32f0xx_hal_uart.o
    0x08002f2a   0x08002f2a   0x00000098   Code   RO         1200    .text.UART_DMAReceiveCplt  stm32f0xx_hal_uart.o
    0x08002fc2   0x08002fc2   0x00000020   Code   RO         1202    .text.UART_DMARxHalfCplt  stm32f0xx_hal_uart.o
    0x08002fe2   0x08002fe2   0x00000002   PAD
    0x08002fe4   0x08002fe4   0x00000150   Code   RO         1084    .text.UART_SetConfig  stm32f0xx_hal_uart.o
    0x08003134   0x08003134   0x000001bc   Code   RO         1100    .text.UART_WaitOnFlagUntilTimeout  stm32f0xx_hal_uart.o
    0x080032f0   0x080032f0   0x00000014   Code   RO          111    .text.USB_DevInit   stm32f0xx_ll_usb.o
    0x08003304   0x08003304   0x00000014   Code   RO          107    .text.USB_DisableGlobalInt  stm32f0xx_ll_usb.o
    0x08003318   0x08003318   0x00000016   Code   RO          131    .text.USB_StopDevice  stm32f0xx_ll_usb.o
    0x0800332e   0x0800332e   0x00000002   PAD
    0x08003330   0x08003330   0x00000ba8   Code   RO           11    .text.main          main.o
    0x08003ed8   0x08003ed8   0x000001f6   Code   RO         1364    .text_divfast       c_p.l(aeabi_sdivfast.o)
    0x080040ce   0x080040ce   0x00000000   Code   RO         1391    x$fpl$usenofp       fz_ps.l(usenofp.o)
    0x080040ce   0x080040ce   0x00000080   Data   RO         1380    .constdata          fz_ps.l(ddiv.o)
    0x0800414e   0x0800414e   0x00000010   Data   RO         1344    .rodata.AHBPrescTable  system_stm32f0xx.o
    0x0800415e   0x0800415e   0x00000008   Data   RO         1345    .rodata.APBPrescTable  system_stm32f0xx.o
    0x08004166   0x08004166   0x00000020   Data   RO          261    .rodata.cst16       stm32f0xx_hal_rcc.o
    0x08004186   0x08004186   0x00000002   PAD
    0x08004188   0x08004188   0x00000010   Data   RO         1204    .rodata.cst16       stm32f0xx_hal_uart.o
    0x08004198   0x08004198   0x00000020   Data   RO         1561    Region$$Table       anon$$obj.o


    Execution Region RW_IRAM1 (Exec base: 0x20000000, Load base: 0x080041b8, Size: 0x00000eb8, Max: 0x00004000, ABSOLUTE)

    Exec Addr    Load Addr    Size         Type   Attr      Idx    E Section Name        Object

    0x20000000   0x080041b8   0x00000008   Data   RW          349    .data..L_MergedGlobals  stm32f0xx_hal.o
    0x20000008   0x080041c0   0x00000004   Data   RW         1343    .data.SystemCoreClock  system_stm32f0xx.o
    0x2000000c   0x080041c4   0x00000004   PAD
    0x20000010        -       0x00000060   Zero   RW         1425    .bss                c_p.l(libspace.o)
    0x20000070        -       0x0000006c   Zero   RW           45    .bss..L_MergedGlobals  main.o
    0x200000dc        -       0x000000fa   Zero   RW           38    .bss.CAN_response_data  main.o
    0x200001d6        -       0x000000c8   Zero   RW           32    .bss.UART1_RxData   main.o
    0x2000029e        -       0x000000c8   Zero   RW           34    .bss.UART2_RxData   main.o
    0x20000366   0x080041c4   0x00000002   PAD
    0x20000368        -       0x00000044   Zero   RW           40    .bss.hdma_usart1_rx  main.o
    0x200003ac        -       0x00000044   Zero   RW           41    .bss.hdma_usart2_rx  main.o
    0x200003f0        -       0x000002dc   Zero   RW           39    .bss.hpcd_USB_FS    main.o
    0x200006cc        -       0x00000048   Zero   RW           35    .bss.htim1          main.o
    0x20000714        -       0x00000048   Zero   RW           36    .bss.htim2          main.o
    0x2000075c        -       0x00000048   Zero   RW           37    .bss.htim3          main.o
    0x200007a4        -       0x00000088   Zero   RW           31    .bss.huart1         main.o
    0x2000082c        -       0x00000088   Zero   RW           33    .bss.huart2         main.o
    0x200008b4        -       0x00000004   Zero   RW          348    .bss.uwTick         stm32f0xx_hal.o
    0x200008b8        -       0x00000200   Zero   RW            2    HEAP                startup_stm32f072xb.o
    0x20000ab8        -       0x00000400   Zero   RW            1    STACK               startup_stm32f072xb.o


==============================================================================

Image component sizes


      Code (inc. data)   RO Data    RW Data    ZI Data      Debug   Object Name

      2992        456          0          0       2114      26920   main.o
        56         26        192          0       1536        636   startup_stm32f072xb.o
       160         16          0          8          4       5422   stm32f0xx_hal.o
      1050          0          0          0          0      14306   stm32f0xx_hal_can.o
       132         24          0          0          0       5578   stm32f0xx_hal_cortex.o
       534         12          0          0          0       8044   stm32f0xx_hal_dma.o
       438         12          0          0          0       4967   stm32f0xx_hal_gpio.o
       772         72          0          0          0      11771   stm32f0xx_hal_msp.o
       644          4          0          0          0      17571   stm32f0xx_hal_pcd.o
        38          0          0          0          0       5911   stm32f0xx_hal_pcd_ex.o
      1652         52         32          0          0       8248   stm32f0xx_hal_rcc.o
       328         12          0          0          0       6533   stm32f0xx_hal_rcc_ex.o
      1718         84          0          0          0      63966   stm32f0xx_hal_tim.o
       182          0          0          0          0      23158   stm32f0xx_hal_tim_ex.o
      2212         76         16          0          0      42028   stm32f0xx_hal_uart.o
        48          8          0          0          0       1238   stm32f0xx_it.o
        62          4          0          0          0      23811   stm32f0xx_ll_usb.o
         2          0         24          4          0       1744   system_stm32f0xx.o

    ----------------------------------------------------------------------
     13036        858        298         12       3660     271852   Object Totals
         0          0         32          0          0          0   (incl. Generated)
        16          0          2          0          6          0   (incl. Padding)

    ----------------------------------------------------------------------

      Code (inc. data)   RO Data    RW Data    ZI Data      Debug   Library Member Name

         8          0          0          0          0         68   __main.o
         0          0          0          0          0          0   __rtentry.o
        12          0          0          0          0          0   __rtentry2.o
         6          0          0          0          0          0   __rtentry4.o
        86         10          0          0          0          0   __scatter.o
        26          0          0          0          0          0   __scatter_copy.o
        28          0          0          0          0          0   __scatter_zi.o
       502          0          0          0          0         92   aeabi_sdivfast.o
        16          0          0          0          0         68   exit.o
         6          0          0          0          0        136   heapauxi.o
         0          0          0          0          0          0   indicate_semi.o
         2          0          0          0          0          0   libinit.o
         2          0          0          0          0          0   libinit2.o
         2          0          0          0          0          0   libshutdown.o
         2          0          0          0          0          0   libshutdown2.o
         8          4          0          0         96         68   libspace.o
        64          0          0          0          0        108   rt_memclr.o
       186          0          0          0          0        144   rt_memcpy.o
         2          0          0          0          0          0   rtexit.o
        10          0          0          0          0          0   rtexit2.o
        68          6          0          0          0         72   strlen.o
        12          4          0          0          0         60   sys_exit.o
        62          0          0          0          0         80   sys_stackheap_outer.o
         2          0          0          0          0         68   use_no_semi.o
       124          4          0          0          0         72   d2f.o
       856         20          0          0          0        208   daddsub.o
      1096         26        128          0          0        112   ddiv.o
        88          0          0          0          0         92   dflti.o
        76          0          0          0          0         68   ffixi.o
         0          0          0          0          0          0   usenofp.o

    ----------------------------------------------------------------------
      3362         74        128          0         96       1516   Library Totals
        10          0          0          0          0          0   (incl. Padding)

    ----------------------------------------------------------------------

      Code (inc. data)   RO Data    RW Data    ZI Data      Debug   Library Name

      1112         24          0          0         96        964   c_p.l
      2240         50        128          0          0        552   fz_ps.l

    ----------------------------------------------------------------------
      3362         74        128          0         96       1516   Library Totals

    ----------------------------------------------------------------------

==============================================================================


      Code (inc. data)   RO Data    RW Data    ZI Data      Debug   

     16398        932        426         12       3756     272568   Grand Totals
     16398        932        426         12       3756     272568   ELF Image Totals
     16398        932        426         12          0          0   ROM Totals

==============================================================================

    Total RO  Size (Code + RO Data)                16824 (  16.43kB)
    Total RW  Size (RW Data + ZI Data)              3768 (   3.68kB)
    Total ROM Size (Code + RO Data + RW Data)      16836 (  16.44kB)

==============================================================================

